Component: ARM Compiler 5.06 update 6 (build 750) Tool: armlink [4d35ed]

==============================================================================

Section Cross References

    startup_stm32f10x_hd.o(RESET) refers to startup_stm32f10x_hd.o(STACK) for __initial_sp
    startup_stm32f10x_hd.o(RESET) refers to startup_stm32f10x_hd.o(.text) for Reset_Handler
    startup_stm32f10x_hd.o(RESET) refers to stm32f10x_it.o(i.NMI_Handler) for NMI_Handler
    startup_stm32f10x_hd.o(RESET) refers to stm32f10x_it.o(i.HardFault_Handler) for HardFault_Handler
    startup_stm32f10x_hd.o(RESET) refers to stm32f10x_it.o(i.MemManage_Handler) for MemManage_Handler
    startup_stm32f10x_hd.o(RESET) refers to stm32f10x_it.o(i.BusFault_Handler) for BusFault_Handler
    startup_stm32f10x_hd.o(RESET) refers to stm32f10x_it.o(i.UsageFault_Handler) for UsageFault_Handler
    startup_stm32f10x_hd.o(RESET) refers to stm32f10x_it.o(i.SVC_Handler) for SVC_Handler
    startup_stm32f10x_hd.o(RESET) refers to stm32f10x_it.o(i.DebugMon_Handler) for DebugMon_Handler
    startup_stm32f10x_hd.o(RESET) refers to os_cpu_a.o(CODE) for PendSV_Handler
    startup_stm32f10x_hd.o(RESET) refers to delay.o(i.SysTick_Handler) for SysTick_Handler
    startup_stm32f10x_hd.o(RESET) refers to wwdg.o(i.WWDG_IRQHandler) for WWDG_IRQHandler
    startup_stm32f10x_hd.o(RESET) refers to key.o(i.EXTI0_IRQHandler) for EXTI0_IRQHandler
    startup_stm32f10x_hd.o(RESET) refers to key.o(i.EXTI3_IRQHandler) for EXTI3_IRQHandler
    startup_stm32f10x_hd.o(RESET) refers to key.o(i.EXTI4_IRQHandler) for EXTI4_IRQHandler
    startup_stm32f10x_hd.o(RESET) refers to usart.o(i.USART1_IRQHandler) for USART1_IRQHandler
    startup_stm32f10x_hd.o(RESET) refers to usart.o(i.USART2_IRQHandler) for USART2_IRQHandler
    startup_stm32f10x_hd.o(RESET) refers to tim.o(i.TIM6_IRQHandler) for TIM6_IRQHandler
    startup_stm32f10x_hd.o(.text) refers to system_stm32f10x.o(i.SystemInit) for SystemInit
    startup_stm32f10x_hd.o(.text) refers to entry.o(.ARM.Collect$$$$00000000) for __main
    main.o(i.Get_Value) refers to gy-30.o(i.GY_Value) for GY_Value
    main.o(i.Get_Value) refers to mq-2.o(i.MQ_Get_PPMData) for MQ_Get_PPMData
    main.o(i.Get_Value) refers to dht11.o(i.DHT_GetData) for DHT_GetData
    main.o(i.Get_Value) refers to stm32f10x_rtc.o(i.RTC_GetCounter) for RTC_GetCounter
    main.o(i.Get_Value) refers to rtc.o(i.Time_Display) for Time_Display
    main.o(i.Get_Value) refers to main.o(i.value_deal) for value_deal
    main.o(i.Get_Value) refers to main.o(.data) for gy
    main.o(i.Get_Value) refers to main.o(.bss) for time
    main.o(i.compara_value) refers to ffltui.o(.text) for __aeabi_ui2f
    main.o(i.compara_value) refers to cfcmple.o(.text) for __aeabi_cfcmple
    main.o(i.compara_value) refers to main.o(i.send_warn) for send_warn
    main.o(i.compara_value) refers to main.o(.data) for flag_sensor
    main.o(i.detec_distance) refers to hc-sro4.o(i.SR04_GetDistance) for SR04_GetDistance
    main.o(i.detec_distance) refers to main.o(i.send_warn) for send_warn
    main.o(i.detec_distance) refers to main.o(.data) for sensor_value
    main.o(i.main) refers to delay.o(i.delay_init) for delay_init
    main.o(i.main) refers to misc.o(i.NVIC_PriorityGroupConfig) for NVIC_PriorityGroupConfig
    main.o(i.main) refers to usart.o(i.uart1_init) for uart1_init
    main.o(i.main) refers to usart.o(i.uart2_init) for uart2_init
    main.o(i.main) refers to esp8266.o(i.esp8266_Init) for esp8266_Init
    main.o(i.main) refers to iwdg.o(i.Iwdg_Init) for Iwdg_Init
    main.o(i.main) refers to key.o(i.KEY_Init) for KEY_Init
    main.o(i.main) refers to led.o(i.LED_Init) for LED_Init
    main.o(i.main) refers to sg90.o(i.Sg90_Init) for Sg90_Init
    main.o(i.main) refers to os_core.o(i.OSInit) for OSInit
    main.o(i.main) refers to os_task.o(i.OSTaskCreate) for OSTaskCreate
    main.o(i.main) refers to os_core.o(i.OSStart) for OSStart
    main.o(i.main) refers to main.o(.bss) for task1_stk
    main.o(i.main) refers to main.o(i.task1) for task1
    main.o(i.main) refers to main.o(i.task2) for task2
    main.o(i.main) refers to main.o(i.task3) for task3
    main.o(i.main) refers to main.o(i.task4) for task4
    main.o(i.main) refers to main.o(i.task5) for task5
    main.o(i.send_warn) refers to printfa.o(i.__0sprintf) for __2sprintf
    main.o(i.send_warn) refers to usart.o(i.USART_SendString) for USART_SendString
    main.o(i.send_warn) refers to main.o(.bss) for time_buf
    main.o(i.send_warn) refers to main.o(.data) for card_numberbuf
    main.o(i.send_warn) refers to main.o(.conststring) for .conststring
    main.o(i.task1) refers to printfa.o(i.__0printf) for __2printf
    main.o(i.task1) refers to rfid.o(i.RC522_Init) for RC522_Init
    main.o(i.task1) refers to rfid.o(i.Read_card) for Read_card
    main.o(i.task1) refers to main.o(i.send_warn) for send_warn
[...]
    OS_Post                                  0x08005101   Thumb Code   192  os_core.o(i.OS_Post)
    OS_Post1                                 0x080051c1   Thumb Code    42  os_core.o(i.OS_Post1)
    OS_PrioGetHighest                        0x080051ed   Thumb Code    36  os_prio.o(i.OS_PrioGetHighest)
    OS_PrioInit                              0x08005215   Thumb Code    20  os_prio.o(i.OS_PrioInit)
    OS_PrioInsert                            0x0800522d   Thumb Code    32  os_prio.o(i.OS_PrioInsert)
    OS_PrioRemove                            0x08005251   Thumb Code    32  os_prio.o(i.OS_PrioRemove)
    OS_QInit                                 0x08005275   Thumb Code    14  os_q.o(i.OS_QInit)
    OS_QPost                                 0x0800528d   Thumb Code   382  os_q.o(i.OS_QPost)
    OS_RdyListInit                           0x08005415   Thumb Code    32  os_core.o(i.OS_RdyListInit)
    OS_RdyListInsert                         0x08005439   Thumb Code    40  os_core.o(i.OS_RdyListInsert)
    OS_RdyListInsertHead                     0x08005465   Thumb Code    58  os_core.o(i.OS_RdyListInsertHead)
    OS_RdyListInsertTail                     0x080054a5   Thumb Code    56  os_core.o(i.OS_RdyListInsertTail)
    OS_RdyListMoveHeadToTail                 0x080054e1   Thumb Code    68  os_core.o(i.OS_RdyListMoveHeadToTail)
    OS_RdyListRemove                         0x08005525   Thumb Code    86  os_core.o(i.OS_RdyListRemove)
    OS_Sched0                                0x08005581   Thumb Code    72  os_core.o(i.OS_Sched0)
    OS_SchedLockTimeMeasStart                0x080055dd   Thumb Code    20  os_core.o(i.OS_SchedLockTimeMeasStart)
    OS_SchedLockTimeMeasStop                 0x080055f9   Thumb Code    44  os_core.o(i.OS_SchedLockTimeMeasStop)
    OS_SchedRoundRobin                       0x08005635   Thumb Code   218  os_core.o(i.OS_SchedRoundRobin)
    OS_SemInit                               0x08005721   Thumb Code    14  os_sem.o(i.OS_SemInit)
    OS_SemPost                               0x08005739   Thumb Code   404  os_sem.o(i.OS_SemPost)
    OS_StatTask                              0x080058d1   Thumb Code   878  os_stat.o(i.OS_StatTask)
    OS_StatTaskInit                          0x08005c89   Thumb Code   136  os_stat.o(i.OS_StatTaskInit)
    OS_TaskBlock                             0x08005d55   Thumb Code    56  os_core.o(i.OS_TaskBlock)
    OS_TaskDbgListAdd                        0x08005d8d   Thumb Code    42  os_task.o(i.OS_TaskDbgListAdd)
    OS_TaskDbgListRemove                     0x08005dbd   Thumb Code    64  os_task.o(i.OS_TaskDbgListRemove)
    OS_TaskInit                              0x08005e01   Thumb Code    18  os_task.o(i.OS_TaskInit)
    OS_TaskInitTCB                           0x08005e21   Thumb Code   194  os_task.o(i.OS_TaskInitTCB)
    OS_TaskQPost                             0x08005ef1   Thumb Code   606  os_task.o(i.OS_TaskQPost)
    OS_TaskRdy                               0x0800615d   Thumb Code    28  os_core.o(i.OS_TaskRdy)
    OS_TaskResume                            0x08006179   Thumb Code   374  os_task.o(i.OS_TaskResume)
    OS_TaskReturn                            0x080062f5   Thumb Code    20  os_task.o(i.OS_TaskReturn)
    OS_TaskSemPost                           0x0800630d   Thumb Code  1438  os_task.o(i.OS_TaskSemPost)
    OS_TaskSuspend                           0x080068b5   Thumb Code   392  os_task.o(i.OS_TaskSuspend)
    OS_TickListInit                          0x08006a45   Thumb Code    32  os_tick.o(i.OS_TickListInit)
    OS_TickListInsert                        0x08006a6d   Thumb Code   430  os_tick.o(i.OS_TickListInsert)
    OS_TickListRemove                        0x08006c29   Thumb Code    56  os_tick.o(i.OS_TickListRemove)
    OS_TickListResetPeak                     0x08006c61   Thumb Code    28  os_tick.o(i.OS_TickListResetPeak)
    OS_TickListUpdate                        0x08006c85   Thumb Code   520  os_tick.o(i.OS_TickListUpdate)
    OS_TickTask                              0x08006ea5   Thumb Code    38  os_tick.o(i.OS_TickTask)
    OS_TickTaskInit                          0x08006ed1   Thumb Code   128  os_tick.o(i.OS_TickTaskInit)
    OS_TmrInit                               0x08006f89   Thumb Code   206  os_tmr.o(i.OS_TmrInit)
    OS_TmrLink                               0x080070b1   Thumb Code   196  os_tmr.o(i.OS_TmrLink)
    OS_TmrResetPeak                          0x08007181   Thumb Code    28  os_tmr.o(i.OS_TmrResetPeak)
    OS_TmrTask                               0x080071a5   Thumb Code   176  os_tmr.o(i.OS_TmrTask)
    OS_TmrUnlink                             0x08007265   Thumb Code    72  os_tmr.o(i.OS_TmrUnlink)
    PWR_BackupAccessCmd                      0x080072b5   Thumb Code     6  stm32f10x_pwr.o(i.PWR_BackupAccessCmd)
    PcdAntennaOn                             0x080072c1   Thumb Code    26  rfid.o(i.PcdAntennaOn)
    PcdAnticoll                              0x080072db   Thumb Code   112  rfid.o(i.PcdAnticoll)
    PcdAuthState                             0x0800734b   Thumb Code   110  rfid.o(i.PcdAuthState)
    PcdComMF522                              0x080073b9   Thumb Code   306  rfid.o(i.PcdComMF522)
    PcdRead                                  0x080074eb   Thumb Code    84  rfid.o(i.PcdRead)
    PcdRequest                               0x0800753f   Thumb Code    84  rfid.o(i.PcdRequest)
    PcdReset                                 0x08007595   Thumb Code   124  rfid.o(i.PcdReset)
    PcdSelect                                0x08007615   Thumb Code   116  rfid.o(i.PcdSelect)
    RC522_Init                               0x08007689   Thumb Code    34  rfid.o(i.RC522_Init)
    RCC_ADCCLKConfig                         0x080076b5   Thumb Code    18  stm32f10x_rcc.o(i.RCC_ADCCLKConfig)
    RCC_AHBPeriphClockCmd                    0x080076cd   Thumb Code    26  stm32f10x_rcc.o(i.RCC_AHBPeriphClockCmd)
    RCC_APB1PeriphClockCmd                   0x080076ed   Thumb Code    26  stm32f10x_rcc.o(i.RCC_APB1PeriphClockCmd)
    RCC_APB2PeriphClockCmd                   0x0800770d   Thumb Code    26  stm32f10x_rcc.o(i.RCC_APB2PeriphClockCmd)
    RCC_ClearFlag                            0x0800772d   Thumb Code    14  stm32f10x_rcc.o(i.RCC_ClearFlag)
    RCC_GetClocksFreq                        0x08007741   Thumb Code   192  stm32f10x_rcc.o(i.RCC_GetClocksFreq)
    RCC_GetFlagStatus                        0x08007815   Thumb Code    56  stm32f10x_rcc.o(i.RCC_GetFlagStatus)
    RCC_LSEConfig                            0x08007851   Thumb Code    46  stm32f10x_rcc.o(i.RCC_LSEConfig)
    RCC_RTCCLKCmd                            0x08007885   Thumb Code     6  stm32f10x_rcc.o(i.RCC_RTCCLKCmd)
    RCC_RTCCLKConfig                         0x08007891   Thumb Code    12  stm32f10x_rcc.o(i.RCC_RTCCLKConfig)
    RTC_EnterConfigMode                      0x080078a1   Thumb Code    14  stm32f10x_rtc.o(i.RTC_EnterConfigMode)
    RTC_ExitConfigMode                       0x080078b5   Thumb Code    16  stm32f10x_rtc.o(i.RTC_ExitConfigMode)
    RTC_GetCounter                           0x080078c9   Thumb Code    38  stm32f10x_rtc.o(i.RTC_GetCounter)
    RTC_Init                                 0x080078f5   Thumb Code    68  rtc.o(i.RTC_Init)
    RTC_SetCounter                           0x08007939   Thumb Code    24  stm32f10x_rtc.o(i.RTC_SetCounter)
    RTC_SetPrescaler                         0x08007955   Thumb Code    26  stm32f10x_rtc.o(i.RTC_SetPrescaler)
    RTC_WaitForLastTask                      0x08007975   Thumb Code    16  stm32f10x_rtc.o(i.RTC_WaitForLastTask)
    RTC_WaitForSynchro                       0x08007989   Thumb Code    30  stm32f10x_rtc.o(i.RTC_WaitForSynchro)
    ReadRawRC                                0x080079ad   Thumb Code    46  rfid.o(i.ReadRawRC)
    Read_card                                0x080079e1   Thumb Code   206  rfid.o(i.Read_card)
    SPI1_Init                                0x08007b3d   Thumb Code   224  rfid.o(i.SPI1_Init)
    SPI_Cmd                                  0x08007c29   Thumb Code    24  stm32f10x_spi.o(i.SPI_Cmd)
    SPI_Init                                 0x08007c41   Thumb Code    60  stm32f10x_spi.o(i.SPI_Init)
    SPI_RC522_ReadByte                       0x08007c7d   Thumb Code    72  rfid.o(i.SPI_RC522_ReadByte)
    SPI_RC522_SendByte                       0x08007cc9   Thumb Code    80  rfid.o(i.SPI_RC522_SendByte)
    SR04_GetDistance                         0x08007d1d   Thumb Code    78  hc-sro4.o(i.SR04_GetDistance)
    SVC_Handler                              0x08007d71   Thumb Code     2  stm32f10x_it.o(i.SVC_Handler)
    SetBitMask                               0x08007d73   Thumb Code    26  rfid.o(i.SetBitMask)
    Sg90_Init                                0x08007e75   Thumb Code    16  sg90.o(i.Sg90_Init)
    SysTick_CLKSourceConfig                  0x08007e85   Thumb Code    40  misc.o(i.SysTick_CLKSourceConfig)
    SysTick_Handler                          0x08007ead   Thumb Code    24  delay.o(i.SysTick_Handler)
    SystemInit                               0x08007ec9   Thumb Code    78  system_stm32f10x.o(i.SystemInit)
    TIM4_init                                0x08007f29   Thumb Code   140  sg90.o(i.TIM4_init)
    TIM6_IRQHandler                          0x08007fbd   Thumb Code    22  tim.o(i.TIM6_IRQHandler)
    TIM_ARRPreloadConfig                     0x08007fd9   Thumb Code    24  stm32f10x_tim.o(i.TIM_ARRPreloadConfig)
    TIM_ClearFlag                            0x08007ff1   Thumb Code     6  stm32f10x_tim.o(i.TIM_ClearFlag)
    TIM_Cmd                                  0x08007ff7   Thumb Code    24  stm32f10x_tim.o(i.TIM_Cmd)
    TIM_GetITStatus                          0x0800800f   Thumb Code    34  stm32f10x_tim.o(i.TIM_GetITStatus)
    TIM_OC1Init                              0x08008031   Thumb Code   132  stm32f10x_tim.o(i.TIM_OC1Init)
    TIM_OC1PreloadConfig                     0x080080c9   Thumb Code    18  stm32f10x_tim.o(i.TIM_OC1PreloadConfig)
    TIM_SetCompare1                          0x080080db   Thumb Code     4  stm32f10x_tim.o(i.TIM_SetCompare1)
    TIM_TimeBaseInit                         0x080080e1   Thumb Code   122  stm32f10x_tim.o(i.TIM_TimeBaseInit)
    Time_Display                             0x08008185   Thumb Code    90  rtc.o(i.Time_Display)
    USART1_IRQHandler                        0x080081e5   Thumb Code   134  usart.o(i.USART1_IRQHandler)
    USART2_IRQHandler                        0x08008281   Thumb Code   140  usart.o(i.USART2_IRQHandler)
    USART_ClearITPendingBit                  0x08008325   Thumb Code    30  stm32f10x_usart.o(i.USART_ClearITPendingBit)
    USART_Cmd                                0x08008343   Thumb Code    24  stm32f10x_usart.o(i.USART_Cmd)
    USART_DMACmd                             0x0800835b   Thumb Code    18  stm32f10x_usart.o(i.USART_DMACmd)
    USART_GetFlagStatus                      0x0800836d   Thumb Code    26  stm32f10x_usart.o(i.USART_GetFlagStatus)
    USART_GetITStatus                        0x08008387   Thumb Code    84  stm32f10x_usart.o(i.USART_GetITStatus)
    USART_ITConfig                           0x080083db   Thumb Code    74  stm32f10x_usart.o(i.USART_ITConfig)
    USART_Init                               0x08008425   Thumb Code   210  stm32f10x_usart.o(i.USART_Init)
    USART_SendData                           0x080084fd   Thumb Code     8  stm32f10x_usart.o(i.USART_SendData)
    USART_SendString                         0x08008505   Thumb Code    44  usart.o(i.USART_SendString)
    UsageFault_Handler                       0x08008531   Thumb Code     4  stm32f10x_it.o(i.UsageFault_Handler)
    WWDG_ClearFlag                           0x08008535   Thumb Code     8  stm32f10x_wwdg.o(i.WWDG_ClearFlag)
    WWDG_GetFlagStatus                       0x08008541   Thumb Code     8  stm32f10x_wwdg.o(i.WWDG_GetFlagStatus)
    WWDG_IRQHandler                          0x0800854d   Thumb Code    14  wwdg.o(i.WWDG_IRQHandler)
    WriteRawRC                               0x0800855d   Thumb Code    42  rfid.o(i.WriteRawRC)
    __0printf                                0x0800858d   Thumb Code    22  printfa.o(i.__0printf)
    __1printf                                0x0800858d   Thumb Code     0  printfa.o(i.__0printf)
    __2printf                                0x0800858d   Thumb Code     0  printfa.o(i.__0printf)
    __c89printf                              0x0800858d   Thumb Code     0  printfa.o(i.__0printf)
    printf                                   0x0800858d   Thumb Code     0  printfa.o(i.__0printf)
    __0sprintf                               0x080085ad   Thumb Code    34  printfa.o(i.__0sprintf)
    __1sprintf                               0x080085ad   Thumb Code     0  printfa.o(i.__0sprintf)
    __2sprintf                               0x080085ad   Thumb Code     0  printfa.o(i.__0sprintf)
    __c89sprintf                             0x080085ad   Thumb Code     0  printfa.o(i.__0sprintf)
    sprintf                                  0x080085ad   Thumb Code     0  printfa.o(i.__0sprintf)
    __ARM_fpclassify                         0x080085d5   Thumb Code    40  fpclassify.o(i.__ARM_fpclassify)
    __aeabi_errno_addr                       0x080085fd   Thumb Code     4  errno.o(i.__aeabi_errno_addr)
    __rt_errno_addr                          0x080085fd   Thumb Code     0  errno.o(i.__aeabi_errno_addr)
    __kernel_poly                            0x08008605   Thumb Code   170  poly.o(i.__kernel_poly)
    __mathlib_dbl_divzero                    0x080086b1   Thumb Code    12  dunder.o(i.__mathlib_dbl_divzero)
    __mathlib_dbl_infnan2                    0x080086c1   Thumb Code     4  dunder.o(i.__mathlib_dbl_infnan2)
    __mathlib_dbl_invalid                    0x080086c5   Thumb Code    12  dunder.o(i.__mathlib_dbl_invalid)
    __mathlib_dbl_overflow                   0x080086d1   Thumb Code    14  dunder.o(i.__mathlib_dbl_overflow)
    __mathlib_dbl_underflow                  0x080086e1   Thumb Code    10  dunder.o(i.__mathlib_dbl_underflow)
    __scatterload_copy                       0x080086f1   Thumb Code    14  handlers.o(i.__scatterload_copy)
    __scatterload_null                       0x080086ff   Thumb Code     2  handlers.o(i.__scatterload_null)
    __scatterload_zeroinit                   0x08008701   Thumb Code    14  handlers.o(i.__scatterload_zeroinit)
    __set_errno                              0x08008711   Thumb Code     6  errno.o(i.__set_errno)
    compara_value                            0x08008fd9   Thumb Code   128  main.o(i.compara_value)
    delay_init                               0x08009085   Thumb Code    92  delay.o(i.delay_init)
    delay_osschedlock                        0x080090f5   Thumb Code    10  delay.o(i.delay_osschedlock)
    delay_osschedunlock                      0x080090ff   Thumb Code    10  delay.o(i.delay_osschedunlock)
    delay_ostimedly                          0x08009109   Thumb Code    16  delay.o(i.delay_ostimedly)
    detec_distance                           0x08009119   Thumb Code    58  main.o(i.detec_distance)
    esp8266_Init                             0x08009165   Thumb Code   170  esp8266.o(i.esp8266_Init)
    fputc                                    0x080092bd   Thumb Code    24  usart.o(i.fputc)
    get_key                                  0x080092d9   Thumb Code    24  menu.o(i.get_key)
    main                                     0x080092f9   Thumb Code   290  main.o(i.main)
    oled_pow                                 0x08009481   Thumb Code    22  oled.o(i.oled_pow)
    pow                                      0x08009499   Thumb Code  2512  pow.o(i.pow)
    send_warn                                0x08009e71   Thumb Code    54  main.o(i.send_warn)
    set_value                                0x08009ecd   Thumb Code   568  usart.o(i.set_value)
    sg90_forward                             0x0800a14d   Thumb Code    74  sg90.o(i.sg90_forward)
    sg90_reversal                            0x0800a19d   Thumb Code    74  sg90.o(i.sg90_reversal)
    sqrt                                     0x0800a1ed   Thumb Code    76  sqrt.o(i.sqrt)
    task1                                    0x0800a239   Thumb Code   346  main.o(i.task1)
    task2                                    0x0800a3dd   Thumb Code    34  main.o(i.task2)
    task3                                    0x0800a419   Thumb Code    56  main.o(i.task3)
    task4                                    0x0800a46d   Thumb Code    62  main.o(i.task4)
    task5                                    0x0800a4c5   Thumb Code    38  main.o(i.task5)
    uart1_init                               0x0800a50d   Thumb Code   250  usart.o(i.uart1_init)
    uart2_init                               0x0800a619   Thumb Code   238  usart.o(i.uart2_init)
    value_deal                               0x0800a719   Thumb Code   120  main.o(i.value_deal)
    F6x8                                     0x0800a7e0   Data         552  oled.o(.constdata)
    F8X16                                    0x0800aa08   Data        1520  oled.o(.constdata)
    OSCfg_IdleTaskStkBasePtr                 0x0800aff8   Data           4  os_cfg_app.o(.constdata)
    OSCfg_IdleTaskStkLimit                   0x0800affc   Data           4  os_cfg_app.o(.constdata)
    OSCfg_IdleTaskStkSize                    0x0800b000   Data           4  os_cfg_app.o(.constdata)
    OSCfg_IdleTaskStkSizeRAM                 0x0800b004   Data           4  os_cfg_app.o(.constdata)
    OSCfg_IntQBasePtr                        0x0800b008   Data           4  os_cfg_app.o(.constdata)
    OSCfg_IntQSize                           0x0800b00c   Data           2  os_cfg_app.o(.constdata)
    OSCfg_IntQSizeRAM                        0x0800b010   Data           4  os_cfg_app.o(.constdata)
    OSCfg_IntQTaskStkBasePtr                 0x0800b014   Data           4  os_cfg_app.o(.constdata)
    OSCfg_IntQTaskStkLimit                   0x0800b018   Data           4  os_cfg_app.o(.constdata)
    OSCfg_IntQTaskStkSize                    0x0800b01c   Data           4  os_cfg_app.o(.constdata)
    OSCfg_IntQTaskStkSizeRAM                 0x0800b020   Data           4  os_cfg_app.o(.constdata)
    OSCfg_ISRStkBasePtr                      0x0800b024   Data           4  os_cfg_app.o(.constdata)
    OSCfg_ISRStkSize                         0x0800b028   Data           4  os_cfg_app.o(.constdata)
    OSCfg_ISRStkSizeRAM                      0x0800b02c   Data           4  os_cfg_app.o(.constdata)
    OSCfg_MsgPoolSize                        0x0800b030   Data           2  os_cfg_app.o(.constdata)
    OSCfg_MsgPoolSizeRAM                     0x0800b034   Data           4  os_cfg_app.o(.constdata)
    OSCfg_MsgPoolBasePtr                     0x0800b038   Data           4  os_cfg_app.o(.constdata)
    OSCfg_StatTaskPrio                       0x0800b03c   Data           1  os_cfg_app.o(.constdata)
    OSCfg_StatTaskRate_Hz                    0x0800b040   Data           4  os_cfg_app.o(.constdata)
    OSCfg_StatTaskStkBasePtr                 0x0800b044   Data           4  os_cfg_app.o(.constdata)
    OSCfg_StatTaskStkLimit                   0x0800b048   Data           4  os_cfg_app.o(.constdata)
    OSCfg_StatTaskStkSize                    0x0800b04c   Data           4  os_cfg_app.o(.constdata)
    OSCfg_StatTaskStkSizeRAM                 0x0800b050   Data           4  os_cfg_app.o(.constdata)
    OSCfg_StkSizeMin                         0x0800b054   Data           4  os_cfg_app.o(.constdata)
    OSCfg_TickRate_Hz                        0x0800b058   Data           4  os_cfg_app.o(.constdata)
    OSCfg_TickTaskPrio                       0x0800b05c   Data           1  os_cfg_app.o(.constdata)
    OSCfg_TickTaskStkBasePtr                 0x0800b060   Data           4  os_cfg_app.o(.constdata)
    OSCfg_TickTaskStkLimit                   0x0800b064   Data           4  os_cfg_app.o(.constdata)
    OSCfg_TickTaskStkSize                    0x0800b068   Data           4  os_cfg_app.o(.constdata)
    OSCfg_TickTaskStkSizeRAM                 0x0800b06c   Data           4  os_cfg_app.o(.constdata)
    OSCfg_TickWheelSize                      0x0800b070   Data           2  os_cfg_app.o(.constdata)
    OSCfg_TickWheelSizeRAM                   0x0800b074   Data           4  os_cfg_app.o(.constdata)
    OSCfg_TmrTaskPrio                        0x0800b078   Data           1  os_cfg_app.o(.constdata)
    OSCfg_TmrTaskRate_Hz                     0x0800b07c   Data           4  os_cfg_app.o(.constdata)
    OSCfg_TmrTaskStkBasePtr                  0x0800b080   Data           4  os_cfg_app.o(.constdata)
    OSCfg_TmrTaskStkLimit                    0x0800b084   Data           4  os_cfg_app.o(.constdata)
    OSCfg_TmrTaskStkSize                     0x0800b088   Data           4  os_cfg_app.o(.constdata)
    OSCfg_TmrTaskStkSizeRAM                  0x0800b08c   Data           4  os_cfg_app.o(.constdata)
    OSCfg_TmrWheelSize                       0x0800b090   Data           2  os_cfg_app.o(.constdata)
    OSCfg_TmrWheelSizeRAM                    0x0800b094   Data           4  os_cfg_app.o(.constdata)
    OSCfg_DataSizeRAM                        0x0800b098   Data           4  os_cfg_app.o(.constdata)
    OSDbg_DbgEn                              0x0800b09c   Data           1  os_dbg.o(.constdata)
    OSDbg_ArgChkEn                           0x0800b09d   Data           1  os_dbg.o(.constdata)
    OSDbg_AppHooksEn                         0x0800b09e   Data           1  os_dbg.o(.constdata)
    OSDbg_EndiannessTest                     0x0800b0a0   Data           4  os_dbg.o(.constdata)
    OSDbg_CalledFromISRChkEn                 0x0800b0a4   Data           1  os_dbg.o(.constdata)
    OSDbg_FlagEn                             0x0800b0a5   Data           1  os_dbg.o(.constdata)
    OSDbg_FlagGrp                            0x0800b0a8   Data          40  os_dbg.o(.constdata)
    OSDbg_FlagDelEn                          0x0800b0d0   Data           1  os_dbg.o(.constdata)
    OSDbg_FlagModeClrEn                      0x0800b0d1   Data           1  os_dbg.o(.constdata)
    OSDbg_FlagPendAbortEn                    0x0800b0d2   Data           1  os_dbg.o(.constdata)
    OSDbg_FlagGrpSize                        0x0800b0d4   Data           2  os_dbg.o(.constdata)
    OSDbg_FlagWidth                          0x0800b0d6   Data           2  os_dbg.o(.constdata)
    OSDbg_IntQ                               0x0800b0d8   Data           2  os_dbg.o(.constdata)
    OSDbg_ISRPostDeferredEn                  0x0800b0da   Data           1  os_dbg.o(.constdata)
    OSDbg_Mem                                0x0800b0dc   Data          32  os_dbg.o(.constdata)
    OSDbg_MemEn                              0x0800b0fc   Data           1  os_dbg.o(.constdata)
    OSDbg_MemSize                            0x0800b0fe   Data           2  os_dbg.o(.constdata)
    OSDbg_MsgEn                              0x0800b100   Data           1  os_dbg.o(.constdata)
    OSDbg_MsgSize                            0x0800b102   Data           2  os_dbg.o(.constdata)
    OSDbg_MsgPoolSize                        0x0800b104   Data           2  os_dbg.o(.constdata)
    OSDbg_MsgQSize                           0x0800b106   Data           2  os_dbg.o(.constdata)
    OSDbg_Mutex                              0x0800b108   Data          44  os_dbg.o(.constdata)
    OSDbg_MutexEn                            0x0800b134   Data           1  os_dbg.o(.constdata)
    OSDbg_MutexDelEn                         0x0800b135   Data           1  os_dbg.o(.constdata)
    OSDbg_MutexPendAbortEn                   0x0800b136   Data           1  os_dbg.o(.constdata)
    OSDbg_MutexSize                          0x0800b138   Data           2  os_dbg.o(.constdata)
    OSDbg_ObjTypeChkEn                       0x0800b13a   Data           1  os_dbg.o(.constdata)
    OSDbg_PendMultiEn                        0x0800b13b   Data           1  os_dbg.o(.constdata)
    OSDbg_PendDataSize                       0x0800b13c   Data           2  os_dbg.o(.constdata)
    OSDbg_PendListSize                       0x0800b13e   Data           2  os_dbg.o(.constdata)
    OSDbg_PendObjSize                        0x0800b140   Data           2  os_dbg.o(.constdata)
    OSDbg_PrioMax                            0x0800b142   Data           2  os_dbg.o(.constdata)
    OSDbg_PrioTblSize                        0x0800b144   Data           2  os_dbg.o(.constdata)
    OSDbg_PtrSize                            0x0800b146   Data           2  os_dbg.o(.constdata)
    OSDbg_Q                                  0x0800b148   Data          48  os_dbg.o(.constdata)
    OSDbg_QEn                                0x0800b178   Data           1  os_dbg.o(.constdata)
    OSDbg_QDelEn                             0x0800b179   Data           1  os_dbg.o(.constdata)
    OSDbg_QFlushEn                           0x0800b17a   Data           1  os_dbg.o(.constdata)
    OSDbg_QPendAbortEn                       0x0800b17b   Data           1  os_dbg.o(.constdata)
    OSDbg_QSize                              0x0800b17c   Data           2  os_dbg.o(.constdata)
    OSDbg_SchedRoundRobinEn                  0x0800b17e   Data           1  os_dbg.o(.constdata)
    OSDbg_Sem                                0x0800b180   Data          40  os_dbg.o(.constdata)
    OSDbg_SemEn                              0x0800b1a8   Data           1  os_dbg.o(.constdata)
    OSDbg_SemDelEn                           0x0800b1a9   Data           1  os_dbg.o(.constdata)
    OSDbg_SemPendAbortEn                     0x0800b1aa   Data           1  os_dbg.o(.constdata)
    OSDbg_SemSetEn                           0x0800b1ab   Data           1  os_dbg.o(.constdata)
    OSDbg_SemSize                            0x0800b1ac   Data           2  os_dbg.o(.constdata)
    OSDbg_RdyList                            0x0800b1ae   Data           2  os_dbg.o(.constdata)
    OSDbg_RdyListSize                        0x0800b1b0   Data           4  os_dbg.o(.constdata)
    OSDbg_StkWidth                           0x0800b1b4   Data           1  os_dbg.o(.constdata)
    OSDbg_StatTaskEn                         0x0800b1b5   Data           1  os_dbg.o(.constdata)
    OSDbg_StatTaskStkChkEn                   0x0800b1b6   Data           1  os_dbg.o(.constdata)
    OSDbg_TaskChangePrioEn                   0x0800b1b7   Data           1  os_dbg.o(.constdata)
    OSDbg_TaskDelEn                          0x0800b1b8   Data           1  os_dbg.o(.constdata)
    OSDbg_TaskQEn                            0x0800b1b9   Data           1  os_dbg.o(.constdata)
    OSDbg_TaskQPendAbortEn                   0x0800b1ba   Data           1  os_dbg.o(.constdata)
    OSDbg_TaskProfileEn                      0x0800b1bb   Data           1  os_dbg.o(.constdata)
    OSDbg_TaskRegTblSize                     0x0800b1bc   Data           2  os_dbg.o(.constdata)
    OSDbg_TaskSemPendAbortEn                 0x0800b1be   Data           1  os_dbg.o(.constdata)
    OSDbg_TaskSuspendEn                      0x0800b1bf   Data           1  os_dbg.o(.constdata)
    OSDbg_TCBSize                            0x0800b1c0   Data           2  os_dbg.o(.constdata)
    OSDbg_TickSpokeSize                      0x0800b1c2   Data           2  os_dbg.o(.constdata)
    OSDbg_TimeDlyHMSMEn                      0x0800b1c4   Data           1  os_dbg.o(.constdata)
    OSDbg_TimeDlyResumeEn                    0x0800b1c5   Data           1  os_dbg.o(.constdata)
    OSDbg_TLS_TblSize                        0x0800b1c6   Data           2  os_dbg.o(.constdata)
    OSDbg_Tmr                                0x0800b1c8   Data          52  os_dbg.o(.constdata)
    OSDbg_TmrEn                              0x0800b1fc   Data           1  os_dbg.o(.constdata)
    OSDbg_TmrDelEn                           0x0800b1fd   Data           1  os_dbg.o(.constdata)
    OSDbg_TmrSize                            0x0800b1fe   Data           2  os_dbg.o(.constdata)
    OSDbg_TmrSpokeSize                       0x0800b200   Data           2  os_dbg.o(.constdata)
    OSDbg_VersionNbr                         0x0800b202   Data           2  os_dbg.o(.constdata)
    OSDbg_DataSize                           0x0800b204   Data           4  os_dbg.o(.constdata)
    __mathlib_zero                           0x0800b290   Data           8  qnan.o(.constdata)
    __ctype_table                            0x0800b298   Data         129  ctype_o.o(.constdata)
    Region$$Table$$Base                      0x0800b3cc   Number         0  anon$$obj.o(Region$$Table)
    Region$$Table$$Limit                     0x0800b3ec   Number         0  anon$$obj.o(Region$$Table)
    card_pydebuf                             0x20000000   Data           2  main.o(.data)
    card_numberbuf                           0x20000002   Data           5  main.o(.data)
    card_key0Abuf                            0x20000007   Data           6  main.o(.data)
    card_writebuf                            0x2000000d   Data          16  main.o(.data)
    host                                     0x2000001d   Data           1  main.o(.data)
    rfid_state                               0x2000001e   Data           1  main.o(.data)
    sensor_value                             0x20000020   Data          28  main.o(.data)
    temp_value                               0x2000003c   Data           5  main.o(.data)
    len                                      0x2000004c   Data           1  main.o(.data)
    dis                                      0x2000004d   Data           1  main.o(.data)
    flag_sensor                              0x2000004e   Data           1  main.o(.data)
    Menu1_flag                               0x20000063   Data           1  menu.o(.data)
    Menu2_flag                               0x20000064   Data           1  menu.o(.data)
    Menu1_key                                0x20000065   Data           1  menu.o(.data)
    Menu2_key                                0x20000066   Data           1  menu.o(.data)
    key                                      0x20000067   Data           1  menu.o(.data)
    clean                                    0x20000068   Data           1  menu.o(.data)
    i                                        0x20000069   Data           1  menu.o(.data)
    show_s                                   0x2000006a   Data           1  menu.o(.data)
    door                                     0x2000006b   Data           1  menu.o(.data)
    show_flag                                0x2000006c   Data           1  menu.o(.data)
    Hzk                                      0x2000006d   Data        1984  oled.o(.data)
    BMP_pic1                                 0x2000082d   Data         508  oled.o(.data)
    BMP_pic2                                 0x20000a29   Data           0  oled.o(.data)
    ukey                                     0x20000a2a   Data           1  key.o(.data)
    Confirm_key                              0x20000a2b   Data           1  key.o(.data)
    SystemCoreClock                          0x20000a2c   Data           4  system_stm32f10x.o(.data)
    AHBPrescTable                            0x20000a30   Data          16  system_stm32f10x.o(.data)
    __stdout                                 0x20000a44   Data           4  usart.o(.data)
    USART1_RX_STA                            0x20000a52   Data           2  usart.o(.data)
    USART2_RX_STA                            0x20000a54   Data           2  usart.o(.data)
    USART2_Len                               0x20000a56   Data           2  usart.o(.data)
    USART1_Len                               0x20000a58   Data           2  usart.o(.data)
    CPU_TS_TmrFreq_Hz                        0x20000a5c   Data           4  cpu_core.o(.data)
    CPU_IntDisMeasCtr                        0x20000a60   Data           2  cpu_core.o(.data)
    CPU_IntDisNestCtr                        0x20000a62   Data           2  cpu_core.o(.data)
    CPU_IntDisMeasStart_cnts                 0x20000a64   Data           4  cpu_core.o(.data)
    CPU_IntDisMeasStop_cnts                  0x20000a68   Data           4  cpu_core.o(.data)
    CPU_IntDisMeasOvrhd_cnts                 0x20000a6c   Data           4  cpu_core.o(.data)
    CPU_IntDisMeasMaxCur_cnts                0x20000a70   Data           4  cpu_core.o(.data)
    CPU_IntDisMeasMax_cnts                   0x20000a74   Data           4  cpu_core.o(.data)
    OS_CPU_ExceptStkBase                     0x20000a78   Data           4  os_cpu_c.o(.data)
    OSPrioTbl                                0x20000a7c   Data           4  os_prio.o(.data)
    OS_AppTaskCreateHookPtr                  0x20000a80   Data           4  os_var.o(.data)
    OS_AppTaskDelHookPtr                     0x20000a84   Data           4  os_var.o(.data)
    OS_AppTaskReturnHookPtr                  0x20000a88   Data           4  os_var.o(.data)
    OS_AppIdleTaskHookPtr                    0x20000a8c   Data           4  os_var.o(.data)
    OS_AppStatTaskHookPtr                    0x20000a90   Data           4  os_var.o(.data)
    OS_AppTaskSwHookPtr                      0x20000a94   Data           4  os_var.o(.data)
    OS_AppTimeTickHookPtr                    0x20000a98   Data           4  os_var.o(.data)
    OSIdleTaskCtr                            0x20000a9c   Data           4  os_var.o(.data)
    OSIntNestingCtr                          0x20000aa0   Data           1  os_var.o(.data)
    OSIntDisTimeMax                          0x20000aa4   Data           4  os_var.o(.data)
    OSRunning                                0x20000aa8   Data           1  os_var.o(.data)
    OSIntQInPtr                              0x20000aac   Data           4  os_var.o(.data)
    OSIntQOutPtr                             0x20000ab0   Data           4  os_var.o(.data)
    OSIntQNbrEntries                         0x20000ab4   Data           2  os_var.o(.data)
    OSIntQNbrEntriesMax                      0x20000ab6   Data           2  os_var.o(.data)
    OSIntQOvfCtr                             0x20000ab8   Data           2  os_var.o(.data)
    OSIntQTaskTimeMax                        0x20000abc   Data           4  os_var.o(.data)
    OSFlagDbgListPtr                         0x20000ac0   Data           4  os_var.o(.data)
    OSFlagQty                                0x20000ac4   Data           2  os_var.o(.data)
    OSMemDbgListPtr                          0x20000ac8   Data           4  os_var.o(.data)
    OSMemQty                                 0x20000acc   Data           2  os_var.o(.data)
    OSMutexDbgListPtr                        0x20000ad0   Data           4  os_var.o(.data)
    OSMutexQty                               0x20000ad4   Data           2  os_var.o(.data)
    OSPrioCur                                0x20000ad6   Data           1  os_var.o(.data)
    OSPrioHighRdy                            0x20000ad7   Data           1  os_var.o(.data)
    OSPrioSaved                              0x20000ad8   Data           1  os_var.o(.data)
    OSQDbgListPtr                            0x20000adc   Data           4  os_var.o(.data)
    OSQQty                                   0x20000ae0   Data           2  os_var.o(.data)
    OSSchedLockTimeBegin                     0x20000ae4   Data           4  os_var.o(.data)
    OSSchedLockTimeMax                       0x20000ae8   Data           4  os_var.o(.data)
    OSSchedLockTimeMaxCur                    0x20000aec   Data           4  os_var.o(.data)
    OSSchedLockNestingCtr                    0x20000af0   Data           1  os_var.o(.data)
    OSSchedRoundRobinDfltTimeQuanta          0x20000af4   Data           4  os_var.o(.data)
    OSSchedRoundRobinEn                      0x20000af8   Data           1  os_var.o(.data)
    OSSemDbgListPtr                          0x20000afc   Data           4  os_var.o(.data)
    OSSemQty                                 0x20000b00   Data           2  os_var.o(.data)
    OSStatResetFlag                          0x20000b02   Data           1  os_var.o(.data)
    OSStatTaskCPUUsage                       0x20000b04   Data           2  os_var.o(.data)
    OSStatTaskCPUUsageMax                    0x20000b06   Data           2  os_var.o(.data)
    OSStatTaskCtr                            0x20000b08   Data           4  os_var.o(.data)
    OSStatTaskCtrMax                         0x20000b0c   Data           4  os_var.o(.data)
    OSStatTaskCtrRun                         0x20000b10   Data           4  os_var.o(.data)
    OSStatTaskRdy                            0x20000b14   Data           1  os_var.o(.data)
    OSStatTaskTimeMax                        0x20000b18   Data           4  os_var.o(.data)
    OSTaskCtxSwCtr                           0x20000b1c   Data           4  os_var.o(.data)
    OSTaskDbgListPtr                         0x20000b20   Data           4  os_var.o(.data)
    OSTaskQty                                0x20000b24   Data           2  os_var.o(.data)
    OSTaskRegNextAvailID                     0x20000b26   Data           1  os_var.o(.data)
    OSTickCtr                                0x20000b28   Data           4  os_var.o(.data)
    OSTickTaskTimeMax                        0x20000b2c   Data           4  os_var.o(.data)
    OSTmrDbgListPtr                          0x20000b30   Data           4  os_var.o(.data)
    OSTmrQty                                 0x20000b34   Data           2  os_var.o(.data)
    OSTmrTaskTimeMax                         0x20000b38   Data           4  os_var.o(.data)
    OSTmrTickCtr                             0x20000b3c   Data           4  os_var.o(.data)
    OSTmrUpdateCnt                           0x20000b40   Data           4  os_var.o(.data)
    OSTmrUpdateCtr                           0x20000b44   Data           4  os_var.o(.data)
    OSTCBCurPtr                              0x20000b48   Data           4  os_var.o(.data)
    OSTCBHighRdyPtr                          0x20000b4c   Data           4  os_var.o(.data)
    mfrc552pidbuf                            0x20000b58   Data          18  main.o(.bss)
    card_readbuf                             0x20000b6a   Data          18  main.o(.bss)
    host_numberbuf                           0x20000b7c   Data         128  main.o(.bss)
    gy_buf                                   0x20000bfc   Data         128  main.o(.bss)
    ppm_buf                                  0x20000c7c   Data         128  main.o(.bss)
    temp_buf                                 0x20000cfc   Data         128  main.o(.bss)
    humi_buf                                 0x20000d7c   Data         128  main.o(.bss)
    time_buf                                 0x20000dfc   Data         128  main.o(.bss)
    time                                     0x20000e7c   Data          12  main.o(.bss)
    total_buf                                0x20000e88   Data         256  main.o(.bss)
    warn_buf                                 0x20000f88   Data         256  main.o(.bss)
    Task1_TCB                                0x20001088   Data         200  main.o(.bss)
    task1_stk                                0x20001150   Data         512  main.o(.bss)
    Task2_TCB                                0x20001350   Data         200  main.o(.bss)
    task2_stk                                0x20001418   Data         512  main.o(.bss)
    Task3_TCB                                0x20001618   Data         200  main.o(.bss)
    task3_stk                                0x200016e0   Data         512  main.o(.bss)
    Task4_TCB                                0x200018e0   Data         200  main.o(.bss)
    task4_stk                                0x200019a8   Data         512  main.o(.bss)
    Task5_TCB                                0x20001ba8   Data         200  main.o(.bss)
    task5_stk                                0x20001c70   Data         512  main.o(.bss)
    USART1_ReceBuf                           0x20001e70   Data         256  usart.o(.bss)
    USART2_ReceBuf                           0x20001f70   Data         256  usart.o(.bss)
    OSCfg_IdleTaskStk                        0x20002070   Data         512  os_cfg_app.o(.bss)
    OSCfg_IntQ                               0x20002270   Data         320  os_cfg_app.o(.bss)
    OSCfg_IntQTaskStk                        0x200023b0   Data         512  os_cfg_app.o(.bss)
    OSCfg_ISRStk                             0x200025b0   Data         512  os_cfg_app.o(.bss)
    OSCfg_MsgPool                            0x200027b0   Data        1600  os_cfg_app.o(.bss)
    OSCfg_StatTaskStk                        0x20002df0   Data         512  os_cfg_app.o(.bss)
    OSCfg_TickTaskStk                        0x20002ff0   Data         512  os_cfg_app.o(.bss)
    OSCfg_TickWheel                          0x200031f0   Data         136  os_cfg_app.o(.bss)
    OSCfg_TmrTaskStk                         0x20003278   Data         512  os_cfg_app.o(.bss)
    OSCfg_TmrWheel                           0x20003478   Data         136  os_cfg_app.o(.bss)
    OSIdleTaskTCB                            0x20003500   Data         200  os_var.o(.bss)
    OSIntQTaskTCB                            0x200035c8   Data         200  os_var.o(.bss)
    OSMsgPool                                0x20003690   Data          12  os_var.o(.bss)
    OSRdyList                                0x2000369c   Data         384  os_var.o(.bss)
    OSStatTaskTCB                            0x2000381c   Data         200  os_var.o(.bss)
    OSTickTaskTCB                            0x200038e4   Data         200  os_var.o(.bss)
    OSTmrTaskTCB                             0x200039ac   Data         200  os_var.o(.bss)
    __initial_sp                             0x2000fa78   Data           0  startup_stm32f10x_hd.o(STACK)



==============================================================================

Memory Map of the image

  Image Entry point : 0x08000131

  Load Region LR_IROM1 (Base: 0x08000000, Size: 0x0000bf44, Max: 0x00080000, ABSOLUTE, COMPRESSED[0x0000b88c])

    Execution Region ER_IROM1 (Exec base: 0x08000000, Load base: 0x08000000, Size: 0x0000b3ec, Max: 0x00080000, ABSOLUTE)

    Exec Addr    Load Addr    Size         Type   Attr      Idx    E Section Name        Object

    0x08000000   0x08000000   0x00000130   Data   RO            3    RESET               startup_stm32f10x_hd.o
    0x08000130   0x08000130   0x00000000   Code   RO         5309  * .ARM.Collect$$$$00000000  mc_w.l(entry.o)
    0x08000130   0x08000130   0x00000004   Code   RO         5642    .ARM.Collect$$$$00000001  mc_w.l(entry2.o)
    0x08000134   0x08000134   0x00000004   Code   RO         5645    .ARM.Collect$$$$00000004  mc_w.l(entry5.o)
    0x08000138   0x08000138   0x00000000   Code   RO         5647    .ARM.Collect$$$$00000008  mc_w.l(entry7b.o)
    0x08000138   0x08000138   0x00000000   Code   RO         5649    .ARM.Collect$$$$0000000A  mc_w.l(entry8b.o)
    0x08000138   0x08000138   0x00000008   Code   RO         5650    .ARM.Collect$$$$0000000B  mc_w.l(entry9a.o)
    0x08000140   0x08000140   0x00000000   Code   RO         5652    .ARM.Collect$$$$0000000D  mc_w.l(entry10a.o)
    0x08000140   0x08000140   0x00000000   Code   RO         5654    .ARM.Collect$$$$0000000F  mc_w.l(entry11a.o)
    0x08000140   0x08000140   0x00000004   Code   RO         5643    .ARM.Collect$$$$00002712  mc_w.l(entry2.o)
    0x08000144   0x08000144   0x00000024   Code   RO            4    .text               startup_stm32f10x_hd.o
    0x08000168   0x08000168   0x00000034   Code   RO         3550    .text               cpu_a.o
    0x0800019c   0x0800019c   0x00000062   Code   RO         5312    .text               mc_w.l(uldiv.o)
    0x080001fe   0x080001fe   0x00000024   Code   RO         5316    .text               mc_w.l(memseta.o)
    0x08000222   0x08000222   0x00000024   Code   RO         5318    .text               mc_w.l(strstr.o)
    0x08000246   0x08000246   0x00000014   Code   RO         5320    .text               mc_w.l(strchr.o)
    0x0800025a   0x0800025a   0x0000001c   Code   RO         5322    .text               mc_w.l(strcmp.o)
    0x08000276   0x08000276   0x00000012   Code   RO         5324    .text               mc_w.l(strcpy.o)
    0x08000288   0x08000288   0x00000044   Code   RO         5326    .text               mc_w.l(strtok.o)
    0x080002cc   0x080002cc   0x0000001a   Code   RO         5595    .text               mc_w.l(atoi.o)
    0x080002e6   0x080002e6   0x000000b0   Code   RO         5597    .text               mf_w.l(fadd.o)
    0x08000396   0x08000396   0x00000064   Code   RO         5599    .text               mf_w.l(fmul.o)
    0x080003fa   0x080003fa   0x0000007c   Code   RO         5601    .text               mf_w.l(fdiv.o)
    0x08000476   0x08000476   0x000000e4   Code   RO         5603    .text               mf_w.l(dmul.o)
    0x0800055a   0x0800055a   0x000000de   Code   RO         5605    .text               mf_w.l(ddiv.o)
    0x08000638   0x08000638   0x0000000a   Code   RO         5607    .text               mf_w.l(ffltui.o)
    0x08000642   0x08000642   0x00000026   Code   RO         5609    .text               mf_w.l(f2d.o)
    0x08000668   0x08000668   0x00000038   Code   RO         5611    .text               mf_w.l(d2f.o)
    0x080006a0   0x080006a0   0x00000014   Code   RO         5613    .text               mf_w.l(cfcmple.o)
    0x080006b4   0x080006b4   0x0000002c   Code   RO         5656    .text               mc_w.l(uidiv.o)
    0x080006e0   0x080006e0   0x0000001e   Code   RO         5658    .text               mc_w.l(llshl.o)
    0x080006fe   0x080006fe   0x00000020   Code   RO         5660    .text               mc_w.l(llushr.o)
    0x0800071e   0x0800071e   0x00000070   Code   RO         5669    .text               mc_w.l(strtol.o)
    0x0800078e   0x0800078e   0x00000000   Code   RO         5671    .text               mc_w.l(iusefp.o)
    0x0800078e   0x0800078e   0x0000006e   Code   RO         5672    .text               mf_w.l(fepilogue.o)
    0x080007fc   0x080007fc   0x000000ba   Code   RO         5674    .text               mf_w.l(depilogue.o)
    0x080008b6   0x080008b6   0x0000014e   Code   RO         5676    .text               mf_w.l(dadd.o)
    0x08000a04   0x08000a04   0x0000002e   Code   RO         5678    .text               mf_w.l(dscalb.o)
    0x08000a32   0x08000a32   0x00000022   Code   RO         5680    .text               mf_w.l(dflti.o)
    0x08000a54   0x08000a54   0x00000030   Code   RO         5682    .text               mf_w.l(dfixul.o)
    0x08000a84   0x08000a84   0x00000030   Code   RO         5684    .text               mf_w.l(cdrcmple.o)
    0x08000ab4   0x08000ab4   0x00000024   Code   RO         5686    .text               mc_w.l(init.o)
    0x08000ad8   0x08000ad8   0x00000024   Code   RO         5688    .text               mc_w.l(llsshr.o)
    0x08000afc   0x08000afc   0x00000008   Code   RO         5690    .text               mc_w.l(ctype_o.o)
    0x08000b04   0x08000b04   0x0000009e   Code   RO         5718    .text               mc_w.l(_strtoul.o)
    0x08000ba2   0x08000ba2   0x000000a2   Code   RO         5720    .text               mf_w.l(dsqrt.o)
    0x08000c44   0x08000c44   0x0000001c   Code   RO         5724    .text               mc_w.l(_chval.o)
    0x08000c60   0x08000c60   0x00000056   Code   RO         5734    .text               mc_w.l(__dczerorl2.o)
    0x08000cb6   0x08000cb6   0x00000002   PAD
    0x08000cb8   0x08000cb8   0x00000098   Code   RO         4016    CODE                os_cpu_a.o
    0x08000d50   0x08000d50   0x00000016   Code   RO          886    i.ADC_Cmd           stm32f10x_adc.o
    0x08000d66   0x08000d66   0x00000014   Code   RO          894    i.ADC_GetCalibrationStatus  stm32f10x_adc.o
    0x08000d7a   0x08000d7a   0x00000008   Code   RO          895    i.ADC_GetConversionValue  stm32f10x_adc.o
    0x08000d82   0x08000d82   0x00000012   Code   RO          897    i.ADC_GetFlagStatus  stm32f10x_adc.o
    0x08000d94   0x08000d94   0x00000014   Code   RO          900    i.ADC_GetResetCalibrationStatus  stm32f10x_adc.o
    0x08000da8   0x08000da8   0x00000050   Code   RO          904    i.ADC_Init          stm32f10x_adc.o
    0x08000df8   0x08000df8   0x000000b8   Code   RO          908    i.ADC_RegularChannelConfig  stm32f10x_adc.o
    0x08000eb0   0x08000eb0   0x0000000a   Code   RO          909    i.ADC_ResetCalibration  stm32f10x_adc.o
    0x08000eba   0x08000eba   0x00000016   Code   RO          911    i.ADC_SoftwareStartConvCmd  stm32f10x_adc.o
    0x08000ed0   0x08000ed0   0x0000000a   Code   RO          913    i.ADC_StartCalibration  stm32f10x_adc.o
    0x08000eda   0x08000eda   0x00000002   PAD
    0x08000edc   0x08000edc   0x00000038   Code   RO         2412    i.Beep_Init         beep.o
    0x08000f14   0x08000f14   0x00000004   Code   RO          299    i.BusFault_Handler  stm32f10x_it.o
    0x08000f18   0x08000f18   0x0000001c   Code   RO         3388    i.CPU_IntDisMeasMaxCalc  cpu_core.o
    0x08000f34   0x08000f34   0x0000002c   Code   RO         3389    i.CPU_IntDisMeasMaxCurGet  cpu_core.o
    0x08000f60   0x08000f60   0x0000002c   Code   RO         3390    i.CPU_IntDisMeasMaxCurReset  cpu_core.o
    0x08000f8c   0x08000f8c   0x0000002c   Code   RO         3391    i.CPU_IntDisMeasMaxGet  cpu_core.o
    0x08000fb8   0x08000fb8   0x00000034   Code   RO         3392    i.CPU_IntDisMeasStart  cpu_core.o
    0x08000fec   0x08000fec   0x00000054   Code   RO         3393    i.CPU_IntDisMeasStop  cpu_core.o
    0x08001040   0x08001040   0x0000000c   Code   RO         3348    i.CPU_TS_TmrRd      bsp.o
    0x0800104c   0x0800104c   0x0000006c   Code   RO         2771    i.CalulateCRC       rfid.o
    0x080010b8   0x080010b8   0x0000001c   Code   RO         2511    i.Clean_Menu        menu.o
    0x080010d4   0x080010d4   0x0000001a   Code   RO         2772    i.ClearBitMask      rfid.o
    0x080010ee   0x080010ee   0x00000002   PAD
    0x080010f0   0x080010f0   0x00000054   Code   RO         2364    i.DHT11_Check       dht11.o
    0x08001144   0x08001144   0x00000024   Code   RO         2365    i.DHT11_Input       dht11.o
    0x08001168   0x08001168   0x00000034   Code   RO         2366    i.DHT11_Output      dht11.o
    0x0800119c   0x0800119c   0x00000028   Code   RO         2367    i.DHT11_Start       dht11.o
    0x080011c4   0x080011c4   0x0000003e   Code   RO         2368    i.DHT_GetData       dht11.o
    0x08001202   0x08001202   0x00000002   PAD
    0x08001204   0x08001204   0x00000054   Code   RO         2369    i.DHT_ReadBytes     dht11.o
    0x08001258   0x08001258   0x0000001c   Code   RO         2370    i.DHT_ReadData      dht11.o
    0x08001274   0x08001274   0x00000018   Code   RO         2126    i.DMA_Cmd           stm32f10x_dma.o
    0x0800128c   0x0800128c   0x0000014c   Code   RO         2127    i.DMA_DeInit        stm32f10x_dma.o
    0x080013d8   0x080013d8   0x00000008   Code   RO         2128    i.DMA_GetCurrDataCounter  stm32f10x_dma.o
    0x080013e0   0x080013e0   0x0000003c   Code   RO         2132    i.DMA_Init          stm32f10x_dma.o
    0x0800141c   0x0800141c   0x00000004   Code   RO         2133    i.DMA_SetCurrDataCounter  stm32f10x_dma.o
    0x08001420   0x08001420   0x00000002   Code   RO          300    i.DebugMon_Handler  stm32f10x_it.o
    0x08001422   0x08001422   0x00000002   PAD
    0x08001424   0x08001424   0x00000050   Code   RO         3194    i.Delay_ms          delay.o
    0x08001474   0x08001474   0x0000005c   Code   RO         3195    i.Delay_us          delay.o
    0x080014d0   0x080014d0   0x0000001c   Code   RO         2724    i.EXTI0_IRQHandler  key.o
    0x080014ec   0x080014ec   0x00000060   Code   RO         2725    i.EXTI3_IRQHandler  key.o
    0x0800154c   0x0800154c   0x00000060   Code   RO         2726    i.EXTI4_IRQHandler  key.o
    0x080015ac   0x080015ac   0x0000000c   Code   RO         1103    i.EXTI_ClearITPendingBit  stm32f10x_exti.o
    0x080015b8   0x080015b8   0x00000024   Code   RO         1104    i.EXTI_DeInit       stm32f10x_exti.o
    0x080015dc   0x080015dc   0x00000028   Code   RO         1107    i.EXTI_GetITStatus  stm32f10x_exti.o
    0x08001604   0x08001604   0x00000094   Code   RO         1108    i.EXTI_Init         stm32f10x_exti.o
    0x08001698   0x08001698   0x00000040   Code   RO          389    i.GPIO_EXTILineConfig  stm32f10x_gpio.o
    0x080016d8   0x080016d8   0x00000116   Code   RO          392    i.GPIO_Init         stm32f10x_gpio.o
    0x080017ee   0x080017ee   0x00000012   Code   RO          396    i.GPIO_ReadInputDataBit  stm32f10x_gpio.o
    0x08001800   0x08001800   0x00000004   Code   RO          399    i.GPIO_ResetBits    stm32f10x_gpio.o
    0x08001804   0x08001804   0x00000004   Code   RO          400    i.GPIO_SetBits      stm32f10x_gpio.o
    0x08001808   0x08001808   0x00000008   Code   RO         2960    i.GY_Init           gy-30.o
    0x08001810   0x08001810   0x000000d4   Code   RO         2961    i.GY_ReadBytes      gy-30.o
    0x080018e4   0x080018e4   0x00000038   Code   RO         2962    i.GY_Value          gy-30.o
    0x0800191c   0x0800191c   0x00000048   Code   RO           10    i.Get_Value         main.o
    0x08001964   0x08001964   0x00000004   Code   RO          301    i.HardFault_Handler  stm32f10x_it.o
    0x08001968   0x08001968   0x00000050   Code   RO         3112    i.Hc_Sro4_Init      hc-sro4.o
    0x080019b8   0x080019b8   0x00000060   Code   RO         2963    i.IIC_HostAck       gy-30.o
    0x08001a18   0x08001a18   0x00000040   Code   RO         2964    i.IIC_Init          gy-30.o
    0x08001a58   0x08001a58   0x00000064   Code   RO         2965    i.IIC_ReadBytes     gy-30.o
    0x08001abc   0x08001abc   0x0000002c   Code   RO         2966    i.IIC_SDA_Input     gy-30.o
    0x08001ae8   0x08001ae8   0x0000002c   Code   RO         2967    i.IIC_SDA_Output    gy-30.o
    0x08001b14   0x08001b14   0x00000078   Code   RO         2968    i.IIC_SendBytes     gy-30.o
    0x08001b8c   0x08001b8c   0x00000048   Code   RO         2969    i.IIC_Start         gy-30.o
    0x08001bd4   0x08001bd4   0x00000048   Code   RO         2970    i.IIC_Stop          gy-30.o
    0x08001c1c   0x08001c1c   0x00000054   Code   RO         2971    i.IIC_WaitAck       gy-30.o
    0x08001c70   0x08001c70   0x00000010   Code   RO         1156    i.IWDG_Enable       stm32f10x_iwdg.o
    0x08001c80   0x08001c80   0x00000010   Code   RO         1158    i.IWDG_ReloadCounter  stm32f10x_iwdg.o
    0x08001c90   0x08001c90   0x0000000c   Code   RO         1159    i.IWDG_SetPrescaler  stm32f10x_iwdg.o
    0x08001c9c   0x08001c9c   0x0000000c   Code   RO         1160    i.IWDG_SetReload    stm32f10x_iwdg.o
    0x08001ca8   0x08001ca8   0x0000000c   Code   RO         1161    i.IWDG_WriteAccessCmd  stm32f10x_iwdg.o
    0x08001cb4   0x08001cb4   0x00000074   Code   RO         2442    i.Iwdg_Init         iwdg.o
    0x08001d28   0x08001d28   0x000000e4   Code   RO         2728    i.KEY_Init          key.o
    0x08001e0c   0x08001e0c   0x00000034   Code   RO         2340    i.LEDB5_INIT        led.o
    0x08001e40   0x08001e40   0x00000034   Code   RO         2341    i.LEDE5_INIT        led.o
    0x08001e74   0x08001e74   0x0000000c   Code   RO         2342    i.LED_Init          led.o
    0x08001e80   0x08001e80   0x00000054   Code   RO         2774    i.M500PcdConfigISOType  rfid.o
    0x08001ed4   0x08001ed4   0x00000098   Code   RO         3042    i.MQ_Adc1_Init      mq-2.o
    0x08001f6c   0x08001f6c   0x00000108   Code   RO         3043    i.MQ_Get_PPMData    mq-2.o
    0x08002074   0x08002074   0x00000004   Code   RO          302    i.MemManage_Handler  stm32f10x_it.o
    0x08002078   0x08002078   0x000000e8   Code   RO         2512    i.Menu1_Show        menu.o
    0x08002160   0x08002160   0x0000028c   Code   RO         2513    i.Menu2_Show        menu.o
    0x080023ec   0x080023ec   0x000000bc   Code   RO         2514    i.Menu3_Show        menu.o
    0x080024a8   0x080024a8   0x000000f8   Code   RO         2515    i.Menu4_Show        menu.o
    0x080025a0   0x080025a0   0x00000120   Code   RO         2516    i.Menu5_Show        menu.o
    0x080026c0   0x080026c0   0x00000204   Code   RO         2517    i.Menu_Show         menu.o
    0x080028c4   0x080028c4   0x00000002   Code   RO          303    i.NMI_Handler       stm32f10x_it.o
    0x080028c6   0x080028c6   0x00000002   PAD
    0x080028c8   0x080028c8   0x00000070   Code   RO          350    i.NVIC_Init         misc.o
    0x08002938   0x08002938   0x00000014   Code   RO          351    i.NVIC_PriorityGroupConfig  misc.o
    0x0800294c   0x0800294c   0x00000040   Code   RO         2579    i.OELD_IIC_Start    oled.o
    0x0800298c   0x0800298c   0x0000003e   Code   RO         2580    i.OLED_Clear        oled.o
    0x080029ca   0x080029ca   0x00000076   Code   RO         2583    i.OLED_DrawBMP      oled.o
    0x08002a40   0x08002a40   0x0000002c   Code   RO         2584    i.OLED_IIC_SDAInputMode  oled.o
    0x08002a6c   0x08002a6c   0x0000002c   Code   RO         2585    i.OLED_IIC_SDAOutputMode  oled.o
    0x08002a98   0x08002a98   0x00000040   Code   RO         2586    i.OLED_IIC_Stop     oled.o
    0x08002ad8   0x08002ad8   0x00000054   Code   RO         2587    i.OLED_IIC_WaitAck  oled.o
    0x08002b2c   0x08002b2c   0x0000010c   Code   RO         2588    i.OLED_Init         oled.o
    0x08002c38   0x08002c38   0x00000028   Code   RO         2590    i.OLED_Set_Pos      oled.o
    0x08002c60   0x08002c60   0x00000068   Code   RO         2591    i.OLED_ShowCHinese  oled.o
    0x08002cc8   0x08002cc8   0x000000a4   Code   RO         2592    i.OLED_ShowChar     oled.o
    0x08002d6c   0x08002d6c   0x00000088   Code   RO         2593    i.OLED_ShowNum      oled.o
    0x08002df4   0x08002df4   0x0000003a   Code   RO         2594    i.OLED_ShowString   oled.o
    0x08002e2e   0x08002e2e   0x00000018   Code   RO         2595    i.OLED_WR_Byte      oled.o
    0x08002e46   0x08002e46   0x00000002   PAD
    0x08002e48   0x08002e48   0x00000078   Code   RO         2596    i.OLED_Write_IIC_Byte  oled.o
    0x08002ec0   0x08002ec0   0x0000003e   Code   RO         2597    i.OLED_Write_IIC_Command  oled.o
    0x08002efe   0x08002efe   0x0000003e   Code   RO         2598    i.OLED_Write_IIC_Data  oled.o
    0x08002f3c   0x08002f3c   0x00000002   Code   RO         4097    i.OSCfg_Init        os_cfg_app.o
    0x08002f3e   0x08002f3e   0x00000002   PAD
    0x08002f40   0x08002f40   0x00000014   Code   RO         4019    i.OSIdleTaskHook    os_cpu_c.o
    0x08002f54   0x08002f54   0x0000018c   Code   RO         4120    i.OSInit            os_core.o
    0x080030e0   0x080030e0   0x00000038   Code   RO         4020    i.OSInitHook        os_cpu_c.o
    0x08003118   0x08003118   0x0000002c   Code   RO         4121    i.OSIntEnter        os_core.o
    0x08003144   0x08003144   0x000000e4   Code   RO         4122    i.OSIntExit         os_core.o
    0x08003228   0x08003228   0x000000a8   Code   RO         4123    i.OSSched           os_core.o
    0x080032d0   0x080032d0   0x0000007c   Code   RO         4124    i.OSSchedLock       os_core.o
    0x0800334c   0x0800334c   0x000000a0   Code   RO         4127    i.OSSchedUnlock     os_core.o
    0x080033ec   0x080033ec   0x00000068   Code   RO         4128    i.OSStart           os_core.o
    0x08003454   0x08003454   0x00000168   Code   RO         4838    i.OSStatReset       os_stat.o
    0x080035bc   0x080035bc   0x00000014   Code   RO         4021    i.OSStatTaskHook    os_cpu_c.o
    0x080035d0   0x080035d0   0x00000294   Code   RO         4869    i.OSTaskCreate      os_task.o
    0x08003864   0x08003864   0x00000018   Code   RO         4022    i.OSTaskCreateHook  os_cpu_c.o
    0x0800387c   0x0800387c   0x00000208   Code   RO         4870    i.OSTaskDel         os_task.o
    0x08003a84   0x08003a84   0x00000018   Code   RO         4023    i.OSTaskDelHook     os_cpu_c.o
    0x08003a9c   0x08003a9c   0x00000018   Code   RO         4024    i.OSTaskReturnHook  os_cpu_c.o
    0x08003ab4   0x08003ab4   0x00000250   Code   RO         4879    i.OSTaskSemPend     os_task.o
    0x08003d04   0x08003d04   0x000000e4   Code   RO         4883    i.OSTaskStkChk      os_task.o
    0x08003de8   0x08003de8   0x000000c0   Code   RO         4025    i.OSTaskStkInit     os_cpu_c.o
    0x08003ea8   0x08003ea8   0x000000a4   Code   RO         4026    i.OSTaskSwHook      os_cpu_c.o
    0x08003f4c   0x08003f4c   0x00000150   Code   RO         5084    i.OSTimeDly         os_time.o
    0x0800409c   0x0800409c   0x0000022c   Code   RO         5085    i.OSTimeDlyHMSM     os_time.o
    0x080042c8   0x080042c8   0x00000044   Code   RO         5089    i.OSTimeTick        os_time.o
    0x0800430c   0x0800430c   0x00000014   Code   RO         4027    i.OSTimeTickHook    os_cpu_c.o
    0x08004320   0x08004320   0x000001b4   Code   RO         4366    i.OS_Dbg_Init       os_dbg.o
    0x080044d4   0x080044d4   0x00000018   Code   RO         4391    i.OS_FlagInit       os_flag.o
    0x080044ec   0x080044ec   0x0000027c   Code   RO         4392    i.OS_FlagPost       os_flag.o
    0x08004768   0x08004768   0x00000056   Code   RO         4393    i.OS_FlagTaskRdy    os_flag.o
    0x080047be   0x080047be   0x00000002   PAD
    0x080047c0   0x080047c0   0x0000004c   Code   RO         4130    i.OS_IdleTask       os_core.o
    0x0800480c   0x0800480c   0x00000070   Code   RO         4131    i.OS_IdleTaskInit   os_core.o
    0x0800487c   0x0800487c   0x00000104   Code   RO         4465    i.OS_IntQPost       os_int.o
    0x08004980   0x08004980   0x000001a4   Code   RO         4466    i.OS_IntQRePost     os_int.o
    0x08004b24   0x08004b24   0x000000c8   Code   RO         4467    i.OS_IntQTask       os_int.o
    0x08004bec   0x08004bec   0x00000128   Code   RO         4468    i.OS_IntQTaskInit   os_int.o
    0x08004d14   0x08004d14   0x00000018   Code   RO         4499    i.OS_MemInit        os_mem.o
    0x08004d2c   0x08004d2c   0x0000007c   Code   RO         4531    i.OS_MsgPoolInit    os_msg.o
    0x08004da8   0x08004da8   0x00000044   Code   RO         4532    i.OS_MsgQFreeAll    os_msg.o
    0x08004dec   0x08004dec   0x0000000e   Code   RO         4534    i.OS_MsgQInit       os_msg.o
    0x08004dfa   0x08004dfa   0x00000002   PAD
    0x08004dfc   0x08004dfc   0x00000104   Code   RO         4535    i.OS_MsgQPut        os_msg.o
    0x08004f00   0x08004f00   0x00000018   Code   RO         4575    i.OS_MutexInit      os_mutex.o
    0x08004f18   0x08004f18   0x00000068   Code   RO         4132    i.OS_Pend           os_core.o
    0x08004f80   0x08004f80   0x00000026   Code   RO         4135    i.OS_PendDataInit   os_core.o
    0x08004fa6   0x08004fa6   0x00000002   PAD
    0x08004fa8   0x08004fa8   0x0000005c   Code   RO         4136    i.OS_PendDbgNameAdd  os_core.o
    0x08005004   0x08005004   0x00000024   Code   RO         4137    i.OS_PendDbgNameRemove  os_core.o
    0x08005028   0x08005028   0x00000066   Code   RO         4141    i.OS_PendListInsertPrio  os_core.o
    0x0800508e   0x0800508e   0x00000030   Code   RO         4142    i.OS_PendListRemove  os_core.o
    0x080050be   0x080050be   0x00000042   Code   RO         4143    i.OS_PendListRemove1  os_core.o
    0x08005100   0x08005100   0x000000c0   Code   RO         4146    i.OS_Post           os_core.o
    0x080051c0   0x080051c0   0x0000002a   Code   RO         4147    i.OS_Post1          os_core.o
    0x080051ea   0x080051ea   0x00000002   PAD
    0x080051ec   0x080051ec   0x00000028   Code   RO         4657    i.OS_PrioGetHighest  os_prio.o
    0x08005214   0x08005214   0x00000018   Code   RO         4658    i.OS_PrioInit       os_prio.o
    0x0800522c   0x0800522c   0x00000024   Code   RO         4659    i.OS_PrioInsert     os_prio.o
    0x08005250   0x08005250   0x00000024   Code   RO         4660    i.OS_PrioRemove     os_prio.o
    0x08005274   0x08005274   0x00000018   Code   RO         4703    i.OS_QInit          os_q.o
    0x0800528c   0x0800528c   0x00000188   Code   RO         4704    i.OS_QPost          os_q.o
    0x08005414   0x08005414   0x00000024   Code   RO         4148    i.OS_RdyListInit    os_core.o
    0x08005438   0x08005438   0x0000002c   Code   RO         4149    i.OS_RdyListInsert  os_core.o
    0x08005464   0x08005464   0x00000040   Code   RO         4150    i.OS_RdyListInsertHead  os_core.o
    0x080054a4   0x080054a4   0x0000003c   Code   RO         4151    i.OS_RdyListInsertTail  os_core.o
    0x080054e0   0x080054e0   0x00000044   Code   RO         4152    i.OS_RdyListMoveHeadToTail  os_core.o
    0x08005524   0x08005524   0x0000005c   Code   RO         4153    i.OS_RdyListRemove  os_core.o
    0x08005580   0x08005580   0x0000005c   Code   RO         4154    i.OS_Sched0         os_core.o
    0x080055dc   0x080055dc   0x0000001c   Code   RO         4155    i.OS_SchedLockTimeMeasStart  os_core.o
    0x080055f8   0x080055f8   0x0000003c   Code   RO         4156    i.OS_SchedLockTimeMeasStop  os_core.o
    0x08005634   0x08005634   0x000000ec   Code   RO         4157    i.OS_SchedRoundRobin  os_core.o
    0x08005720   0x08005720   0x00000018   Code   RO         4775    i.OS_SemInit        os_sem.o
    0x08005738   0x08005738   0x00000198   Code   RO         4776    i.OS_SemPost        os_sem.o
    0x080058d0   0x080058d0   0x000003b8   Code   RO         4840    i.OS_StatTask       os_stat.o
    0x08005c88   0x08005c88   0x000000cc   Code   RO         4841    i.OS_StatTaskInit   os_stat.o
    0x08005d54   0x08005d54   0x00000038   Code   RO         4158    i.OS_TaskBlock      os_core.o
    0x08005d8c   0x08005d8c   0x00000030   Code   RO         4886    i.OS_TaskDbgListAdd  os_task.o
    0x08005dbc   0x08005dbc   0x00000044   Code   RO         4887    i.OS_TaskDbgListRemove  os_task.o
    0x08005e00   0x08005e00   0x00000020   Code   RO         4888    i.OS_TaskInit       os_task.o
    0x08005e20   0x08005e20   0x000000d0   Code   RO         4889    i.OS_TaskInitTCB    os_task.o
    0x08005ef0   0x08005ef0   0x0000026c   Code   RO         4890    i.OS_TaskQPost      os_task.o
    0x0800615c   0x0800615c   0x0000001c   Code   RO         4159    i.OS_TaskRdy        os_core.o
    0x08006178   0x08006178   0x0000017c   Code   RO         4891    i.OS_TaskResume     os_task.o
    0x080062f4   0x080062f4   0x00000018   Code   RO         4892    i.OS_TaskReturn     os_task.o
    0x0800630c   0x0800630c   0x000005a8   Code   RO         4893    i.OS_TaskSemPost    os_task.o
    0x080068b4   0x080068b4   0x00000190   Code   RO         4894    i.OS_TaskSuspend    os_task.o
    0x08006a44   0x08006a44   0x00000028   Code   RO         5036    i.OS_TickListInit   os_tick.o
    0x08006a6c   0x08006a6c   0x000001bc   Code   RO         5037    i.OS_TickListInsert  os_tick.o
    0x08006c28   0x08006c28   0x00000038   Code   RO         5038    i.OS_TickListRemove  os_tick.o
    0x08006c60   0x08006c60   0x00000024   Code   RO         5039    i.OS_TickListResetPeak  os_tick.o
    0x08006c84   0x08006c84   0x00000220   Code   RO         5040    i.OS_TickListUpdate  os_tick.o
    0x08006ea4   0x08006ea4   0x0000002c   Code   RO         5041    i.OS_TickTask       os_tick.o
    0x08006ed0   0x08006ed0   0x000000b8   Code   RO         5042    i.OS_TickTaskInit   os_tick.o
    0x08006f88   0x08006f88   0x00000128   Code   RO         5135    i.OS_TmrInit        os_tmr.o
    0x080070b0   0x080070b0   0x000000d0   Code   RO         5136    i.OS_TmrLink        os_tmr.o
    0x08007180   0x08007180   0x00000024   Code   RO         5137    i.OS_TmrResetPeak   os_tmr.o
    0x080071a4   0x080071a4   0x000000c0   Code   RO         5138    i.OS_TmrTask        os_tmr.o
    0x08007264   0x08007264   0x00000050   Code   RO         5139    i.OS_TmrUnlink      os_tmr.o
    0x080072b4   0x080072b4   0x0000000c   Code   RO         1342    i.PWR_BackupAccessCmd  stm32f10x_pwr.o
    0x080072c0   0x080072c0   0x0000001a   Code   RO         2776    i.PcdAntennaOn      rfid.o
    0x080072da   0x080072da   0x00000070   Code   RO         2777    i.PcdAnticoll       rfid.o
    0x0800734a   0x0800734a   0x0000006e   Code   RO         2778    i.PcdAuthState      rfid.o
    0x080073b8   0x080073b8   0x00000132   Code   RO         2779    i.PcdComMF522       rfid.o
    0x080074ea   0x080074ea   0x00000054   Code   RO         2781    i.PcdRead           rfid.o
    0x0800753e   0x0800753e   0x00000054   Code   RO         2782    i.PcdRequest        rfid.o
    0x08007592   0x08007592   0x00000002   PAD
    0x08007594   0x08007594   0x00000080   Code   RO         2783    i.PcdReset          rfid.o
    0x08007614   0x08007614   0x00000074   Code   RO         2784    i.PcdSelect         rfid.o
    0x08007688   0x08007688   0x0000002c   Code   RO         2788    i.RC522_Init        rfid.o
    0x080076b4   0x080076b4   0x00000018   Code   RO          500    i.RCC_ADCCLKConfig  stm32f10x_rcc.o
    0x080076cc   0x080076cc   0x00000020   Code   RO          501    i.RCC_AHBPeriphClockCmd  stm32f10x_rcc.o
    0x080076ec   0x080076ec   0x00000020   Code   RO          502    i.RCC_APB1PeriphClockCmd  stm32f10x_rcc.o
    0x0800770c   0x0800770c   0x00000020   Code   RO          504    i.RCC_APB2PeriphClockCmd  stm32f10x_rcc.o
    0x0800772c   0x0800772c   0x00000014   Code   RO          508    i.RCC_ClearFlag     stm32f10x_rcc.o
    0x08007740   0x08007740   0x000000d4   Code   RO          512    i.RCC_GetClocksFreq  stm32f10x_rcc.o
    0x08007814   0x08007814   0x0000003c   Code   RO          513    i.RCC_GetFlagStatus  stm32f10x_rcc.o
    0x08007850   0x08007850   0x00000034   Code   RO          520    i.RCC_LSEConfig     stm32f10x_rcc.o
    0x08007884   0x08007884   0x0000000c   Code   RO          527    i.RCC_RTCCLKCmd     stm32f10x_rcc.o
    0x08007890   0x08007890   0x00000010   Code   RO          528    i.RCC_RTCCLKConfig  stm32f10x_rcc.o
    0x080078a0   0x080078a0   0x00000014   Code   RO         1254    i.RTC_EnterConfigMode  stm32f10x_rtc.o
    0x080078b4   0x080078b4   0x00000014   Code   RO         1255    i.RTC_ExitConfigMode  stm32f10x_rtc.o
    0x080078c8   0x080078c8   0x0000002c   Code   RO         1256    i.RTC_GetCounter    stm32f10x_rtc.o
    0x080078f4   0x080078f4   0x00000044   Code   RO         3068    i.RTC_Init          rtc.o
    0x08007938   0x08007938   0x0000001c   Code   RO         1262    i.RTC_SetCounter    stm32f10x_rtc.o
    0x08007954   0x08007954   0x00000020   Code   RO         1263    i.RTC_SetPrescaler  stm32f10x_rtc.o
    0x08007974   0x08007974   0x00000014   Code   RO         1264    i.RTC_WaitForLastTask  stm32f10x_rtc.o
    0x08007988   0x08007988   0x00000024   Code   RO         1265    i.RTC_WaitForSynchro  stm32f10x_rtc.o
    0x080079ac   0x080079ac   0x00000034   Code   RO         2790    i.ReadRawRC         rfid.o
    0x080079e0   0x080079e0   0x0000015c   Code   RO         2791    i.Read_card         rfid.o
    0x08007b3c   0x08007b3c   0x000000ec   Code   RO         2792    i.SPI1_Init         rfid.o
    0x08007c28   0x08007c28   0x00000018   Code   RO         2201    i.SPI_Cmd           stm32f10x_spi.o
    0x08007c40   0x08007c40   0x0000003c   Code   RO         2214    i.SPI_Init          stm32f10x_spi.o
    0x08007c7c   0x08007c7c   0x0000004c   Code   RO         2793    i.SPI_RC522_ReadByte  rfid.o
    0x08007cc8   0x08007cc8   0x00000054   Code   RO         2794    i.SPI_RC522_SendByte  rfid.o
    0x08007d1c   0x08007d1c   0x00000054   Code   RO         3113    i.SR04_GetDistance  hc-sro4.o
    0x08007d70   0x08007d70   0x00000002   Code   RO          304    i.SVC_Handler       stm32f10x_it.o
    0x08007d72   0x08007d72   0x0000001a   Code   RO         2795    i.SetBitMask        rfid.o
    0x08007d8c   0x08007d8c   0x00000008   Code   RO         3160    i.SetSysClock       system_stm32f10x.o
    0x08007d94   0x08007d94   0x000000e0   Code   RO         3161    i.SetSysClockTo72   system_stm32f10x.o
    0x08007e74   0x08007e74   0x00000010   Code   RO         3130    i.Sg90_Init         sg90.o
    0x08007e84   0x08007e84   0x00000028   Code   RO          354    i.SysTick_CLKSourceConfig  misc.o
    0x08007eac   0x08007eac   0x0000001c   Code   RO         3196    i.SysTick_Handler   delay.o
    0x08007ec8   0x08007ec8   0x00000060   Code   RO         3163    i.SystemInit        system_stm32f10x.o
    0x08007f28   0x08007f28   0x00000094   Code   RO         3131    i.TIM4_init         sg90.o
    0x08007fbc   0x08007fbc   0x0000001c   Code   RO         2424    i.TIM6_IRQHandler   tim.o
    0x08007fd8   0x08007fd8   0x00000018   Code   RO         1406    i.TIM_ARRPreloadConfig  stm32f10x_tim.o
    0x08007ff0   0x08007ff0   0x00000006   Code   RO         1412    i.TIM_ClearFlag     stm32f10x_tim.o
    0x08007ff6   0x08007ff6   0x00000018   Code   RO         1418    i.TIM_Cmd           stm32f10x_tim.o
    0x0800800e   0x0800800e   0x00000022   Code   RO         1439    i.TIM_GetITStatus   stm32f10x_tim.o
    0x08008030   0x08008030   0x00000098   Code   RO         1447    i.TIM_OC1Init       stm32f10x_tim.o
    0x080080c8   0x080080c8   0x00000012   Code   RO         1450    i.TIM_OC1PreloadConfig  stm32f10x_tim.o
    0x080080da   0x080080da   0x00000004   Code   RO         1479    i.TIM_SetCompare1   stm32f10x_tim.o
    0x080080de   0x080080de   0x00000002   PAD
    0x080080e0   0x080080e0   0x000000a4   Code   RO         1489    i.TIM_TimeBaseInit  stm32f10x_tim.o
    0x08008184   0x08008184   0x00000060   Code   RO         3070    i.Time_Display      rtc.o
    0x080081e4   0x080081e4   0x0000009c   Code   RO         3272    i.USART1_IRQHandler  usart.o
    0x08008280   0x08008280   0x000000a4   Code   RO         3273    i.USART2_IRQHandler  usart.o
    0x08008324   0x08008324   0x0000001e   Code   RO          701    i.USART_ClearITPendingBit  stm32f10x_usart.o
    0x08008342   0x08008342   0x00000018   Code   RO          704    i.USART_Cmd         stm32f10x_usart.o
    0x0800835a   0x0800835a   0x00000012   Code   RO          705    i.USART_DMACmd      stm32f10x_usart.o
    0x0800836c   0x0800836c   0x0000001a   Code   RO          707    i.USART_GetFlagStatus  stm32f10x_usart.o
    0x08008386   0x08008386   0x00000054   Code   RO          708    i.USART_GetITStatus  stm32f10x_usart.o
    0x080083da   0x080083da   0x0000004a   Code   RO          710    i.USART_ITConfig    stm32f10x_usart.o
    0x08008424   0x08008424   0x000000d8   Code   RO          711    i.USART_Init        stm32f10x_usart.o
    0x080084fc   0x080084fc   0x00000008   Code   RO          721    i.USART_SendData    stm32f10x_usart.o
    0x08008504   0x08008504   0x0000002c   Code   RO         3275    i.USART_SendString  usart.o
    0x08008530   0x08008530   0x00000004   Code   RO          305    i.UsageFault_Handler  stm32f10x_it.o
    0x08008534   0x08008534   0x0000000c   Code   RO         1198    i.WWDG_ClearFlag    stm32f10x_wwdg.o
    0x08008540   0x08008540   0x0000000c   Code   RO         1202    i.WWDG_GetFlagStatus  stm32f10x_wwdg.o
    0x0800854c   0x0800854c   0x0000000e   Code   RO         2458    i.WWDG_IRQHandler   wwdg.o
    0x0800855a   0x0800855a   0x00000002   PAD
    0x0800855c   0x0800855c   0x00000030   Code   RO         2798    i.WriteRawRC        rfid.o
    0x0800858c   0x0800858c   0x00000020   Code   RO         5567    i.__0printf         mc_w.l(printfa.o)
    0x080085ac   0x080085ac   0x00000028   Code   RO         5569    i.__0sprintf        mc_w.l(printfa.o)
    0x080085d4   0x080085d4   0x00000028   Code   RO         5629    i.__ARM_fpclassify  m_ws.l(fpclassify.o)
    0x080085fc   0x080085fc   0x00000008   Code   RO         5662    i.__aeabi_errno_addr  mc_w.l(errno.o)
    0x08008604   0x08008604   0x000000aa   Code   RO         5631    i.__kernel_poly     m_ws.l(poly.o)
    0x080086ae   0x080086ae   0x00000002   PAD
    0x080086b0   0x080086b0   0x00000010   Code   RO         5615    i.__mathlib_dbl_divzero  m_ws.l(dunder.o)
    0x080086c0   0x080086c0   0x00000004   Code   RO         5617    i.__mathlib_dbl_infnan2  m_ws.l(dunder.o)
    0x080086c4   0x080086c4   0x0000000c   Code   RO         5618    i.__mathlib_dbl_invalid  m_ws.l(dunder.o)
    0x080086d0   0x080086d0   0x0000000e   Code   RO         5619    i.__mathlib_dbl_overflow  m_ws.l(dunder.o)
    0x080086de   0x080086de   0x00000002   PAD
    0x080086e0   0x080086e0   0x00000010   Code   RO         5621    i.__mathlib_dbl_underflow  m_ws.l(dunder.o)
    0x080086f0   0x080086f0   0x0000000e   Code   RO         5728    i.__scatterload_copy  mc_w.l(handlers.o)
    0x080086fe   0x080086fe   0x00000002   Code   RO         5729    i.__scatterload_null  mc_w.l(handlers.o)
    0x08008700   0x08008700   0x0000000e   Code   RO         5730    i.__scatterload_zeroinit  mc_w.l(handlers.o)
    0x0800870e   0x0800870e   0x00000002   PAD
    0x08008710   0x08008710   0x0000000c   Code   RO         5664    i.__set_errno       mc_w.l(errno.o)
    0x0800871c   0x0800871c   0x00000184   Code   RO         5574    i._fp_digits        mc_w.l(printfa.o)
    0x080088a0   0x080088a0   0x000006dc   Code   RO         5575    i._printf_core      mc_w.l(printfa.o)
    0x08008f7c   0x08008f7c   0x00000024   Code   RO         5576    i._printf_post_padding  mc_w.l(printfa.o)
    0x08008fa0   0x08008fa0   0x0000002e   Code   RO         5577    i._printf_pre_padding  mc_w.l(printfa.o)
    0x08008fce   0x08008fce   0x0000000a   Code   RO         5579    i._sputc            mc_w.l(printfa.o)
    0x08008fd8   0x08008fd8   0x000000ac   Code   RO           11    i.compara_value     main.o
    0x08009084   0x08009084   0x00000070   Code   RO         3197    i.delay_init        delay.o
    0x080090f4   0x080090f4   0x0000000a   Code   RO         3198    i.delay_osschedlock  delay.o
    0x080090fe   0x080090fe   0x0000000a   Code   RO         3199    i.delay_osschedunlock  delay.o
    0x08009108   0x08009108   0x00000010   Code   RO         3200    i.delay_ostimedly   delay.o
    0x08009118   0x08009118   0x0000004c   Code   RO           12    i.detec_distance    main.o
    0x08009164   0x08009164   0x00000158   Code   RO         3096    i.esp8266_Init      esp8266.o
    0x080092bc   0x080092bc   0x0000001c   Code   RO         3277    i.fputc             usart.o
    0x080092d8   0x080092d8   0x00000020   Code   RO         2518    i.get_key           menu.o
    0x080092f8   0x080092f8   0x00000188   Code   RO           13    i.main              main.o
    0x08009480   0x08009480   0x00000016   Code   RO         2600    i.oled_pow          oled.o
    0x08009496   0x08009496   0x00000002   PAD
    0x08009498   0x08009498   0x000009d8   Code   RO         5300    i.pow               m_ws.l(pow.o)
    0x08009e70   0x08009e70   0x0000005c   Code   RO           14    i.send_warn         main.o
    0x08009ecc   0x08009ecc   0x00000280   Code   RO         3278    i.set_value         usart.o
    0x0800a14c   0x0800a14c   0x00000050   Code   RO         3132    i.sg90_forward      sg90.o
    0x0800a19c   0x0800a19c   0x00000050   Code   RO         3133    i.sg90_reversal     sg90.o
    0x0800a1ec   0x0800a1ec   0x0000004c   Code   RO         5635    i.sqrt              m_ws.l(sqrt.o)
    0x0800a238   0x0800a238   0x000001a4   Code   RO           15    i.task1             main.o
    0x0800a3dc   0x0800a3dc   0x0000003c   Code   RO           16    i.task2             main.o
    0x0800a418   0x0800a418   0x00000054   Code   RO           17    i.task3             main.o
    0x0800a46c   0x0800a46c   0x00000058   Code   RO           18    i.task4             main.o
    0x0800a4c4   0x0800a4c4   0x00000048   Code   RO           19    i.task5             main.o
    0x0800a50c   0x0800a50c   0x0000010c   Code   RO         3279    i.uart1_init        usart.o
    0x0800a618   0x0800a618   0x00000100   Code   RO         3280    i.uart2_init        usart.o
    0x0800a718   0x0800a718   0x000000c8   Code   RO           20    i.value_deal        main.o
    0x0800a7e0   0x0800a7e0   0x00000818   Data   RO         2601    .constdata          oled.o
    0x0800aff8   0x0800aff8   0x000000a4   Data   RO         4099    .constdata          os_cfg_app.o
    0x0800b09c   0x0800b09c   0x0000016c   Data   RO         4367    .constdata          os_dbg.o
    0x0800b208   0x0800b208   0x00000088   Data   RO         5301    .constdata          m_ws.l(pow.o)
    0x0800b290   0x0800b290   0x00000008   Data   RO         5633    .constdata          m_ws.l(qnan.o)
    0x0800b298   0x0800b298   0x00000081   Data   RO         5691    .constdata          mc_w.l(ctype_o.o)
    0x0800b319   0x0800b319   0x00000003   PAD
    0x0800b31c   0x0800b31c   0x00000004   Data   RO         5692    .constdata          mc_w.l(ctype_o.o)
    0x0800b320   0x0800b320   0x000000ab   Data   RO           22    .conststring        main.o
    0x0800b3cb   0x0800b3cb   0x00000001   PAD
    0x0800b3cc   0x0800b3cc   0x00000020   Data   RO         5726    Region$$Table       anon$$obj.o


    Execution Region RW_IRAM1 (Exec base: 0x20000000, Load base: 0x0800b3ec, Size: 0x0000fa78, Max: 0x00010000, ABSOLUTE, COMPRESSED[0x000004a0])

    Exec Addr    Load Addr    Size         Type   Attr      Idx    E Section Name        Object

    0x20000000   COMPRESSED   0x0000004f   Data   RW           23    .data               main.o
    0x2000004f   COMPRESSED   0x00000014   Data   RW          532    .data               stm32f10x_rcc.o
    0x20000063   COMPRESSED   0x0000000a   Data   RW         2519    .data               menu.o
    0x2000006d   COMPRESSED   0x000009bd   Data   RW         2602    .data               oled.o
    0x20000a2a   COMPRESSED   0x00000002   Data   RW         2729    .data               key.o
    0x20000a2c   COMPRESSED   0x00000014   Data   RW         3164    .data               system_stm32f10x.o
    0x20000a40   COMPRESSED   0x00000004   Data   RW         3201    .data               delay.o
    0x20000a44   COMPRESSED   0x00000016   Data   RW         3282    .data               usart.o
    0x20000a5a   COMPRESSED   0x00000002   PAD
    0x20000a5c   COMPRESSED   0x0000001c   Data   RW         3406    .data               cpu_core.o
    0x20000a78   COMPRESSED   0x00000004   Data   RW         4030    .data               os_cpu_c.o
    0x20000a7c   COMPRESSED   0x00000004   Data   RW         4661    .data               os_prio.o
    0x20000a80   COMPRESSED   0x000000d0   Data   RW         5217    .data               os_var.o
    0x20000b50   COMPRESSED   0x00000004   Data   RW         5327    .data               mc_w.l(strtok.o)
    0x20000b54   COMPRESSED   0x00000004   Data   RW         5665    .data               mc_w.l(errno.o)
    0x20000b58        -       0x00001318   Zero   RW           21    .bss                main.o
    0x20001e70        -       0x00000200   Zero   RW         3281    .bss                usart.o
    0x20002070        -       0x00001490   Zero   RW         4098    .bss                os_cfg_app.o
    0x20003500        -       0x00000574   Zero   RW         5216    .bss                os_var.o
    0x20003a74   COMPRESSED   0x00000004   PAD
    0x20003a78        -       0x0000c000   Zero   RW            1    STACK               startup_stm32f10x_hd.o


==============================================================================

Image component sizes


      Code (inc. data)   RO Data    RW Data    ZI Data      Debug   Object Name

        56          6          0          0          0        472   beep.o
        12          6          0          0          0        467   bsp.o
        52          0          0          0          0        332   cpu_a.o
       296         52          0         28          0      13488   cpu_core.o
       348         44          0          4          0       3765   delay.o
       386         22          0          0          0       4078   dht11.o
       344        174          0          0          0        491   esp8266.o
       972         90          0          0          0       6027   gy-30.o
       164         12          0          0          0       1026   hc-sro4.o
       116         56          0          0          0        460   iwdg.o
       448         56          0          2          0       2886   key.o
       116         12          0          0          0       1369   led.o
      1728        488        171         79       4888     320167   main.o
      2184        178          0         10          0       5518   menu.o
       172         22          0          0          0       2089   misc.o
       416         40          0          0          0       1292   mq-2.o
      1540         46       2072       2493          0      11834   oled.o
         2          0        164          0       5264      21034   os_cfg_app.o
      2996        412          0          0          0      19541   os_core.o
       152         32          0          0          0        392   os_cpu_a.o
       544         60          0          4          0       6908   os_cpu_c.o
       436        286        364          0          0       4885   os_dbg.o
       746         28          0          0          0       3157   os_flag.o
      1176        204          0          0          0       3526   os_int.o
        24         10          0          0          0        953   os_mem.o
       466         26          0          0          0       3261   os_msg.o
        24         10          0          0          0        967   os_mutex.o
       136         16          0          4          0       2854   os_prio.o
       416         20          0          0          0       2278   os_q.o
       432         14          0          0          0       2306   os_sem.o
      1516        186          0          0          0       3326   os_stat.o
      5228        230          0          0          0      12401   os_task.o
      1348        124          0          0          0       5449   os_tick.o
       960         46          0          0          0       3177   os_time.o
       812        134          0          0          0       4156   os_tmr.o
         0          0          0        208       1396      19465   os_var.o
      2098        188          0          0          0      13069   rfid.o
       164          6          0          0          0       1454   rtc.o
       324         20          0          0          0       2063   sg90.o
        36          8        304          0      49152        816   startup_stm32f10x_hd.o
       394         10          0          0          0       7913   stm32f10x_adc.o
       428          8          0          0          0       4536   stm32f10x_dma.o
       236         26          0          0          0       2598   stm32f10x_exti.o
       368          4          0          0          0       4266   stm32f10x_gpio.o
        22          0          0          0          0       2819   stm32f10x_it.o
        68         30          0          0          0       2362   stm32f10x_iwdg.o
        12          6          0          0          0        490   stm32f10x_pwr.o
       492         70          0         20          0       8100   stm32f10x_rcc.o
       200         36          0          0          0       3519   stm32f10x_rtc.o
        84          0          0          0          0       2189   stm32f10x_spi.o
       426         62          0          0          0       5309   stm32f10x_tim.o
       480          6          0          0          0       6778   stm32f10x_usart.o
        24          8          0          0          0        922   stm32f10x_wwdg.o
       328         28          0         20          0       2245   system_stm32f10x.o
        28          6          0          0          0        438   tim.o
      1556        158          0         22        512       7777   usart.o
        14          0          0          0          0        446   wwdg.o

    ----------------------------------------------------------------------
     34576       3822       3108       2896      61216     575906   Object Totals
         0          0         32          0          0          0   (incl. Generated)
        30          0          1          2          4          0   (incl. Padding)

    ----------------------------------------------------------------------

      Code (inc. data)   RO Data    RW Data    ZI Data      Debug   Library Member Name

        62         10          0          0          0        340   dunder.o
        40          0          0          0          0         68   fpclassify.o
       170          0          0          0          0         96   poly.o
      2520        190        136          0          0        324   pow.o
         0          0          8          0          0          0   qnan.o
        76          0          0          0          0         84   sqrt.o
        86          0          0          0          0          0   __dczerorl2.o
        28          0          0          0          0         68   _chval.o
       158          0          0          0          0         92   _strtoul.o
        26          0          0          0          0         80   atoi.o
         8          4        133          0          0         68   ctype_o.o
         0          0          0          0          0          0   entry.o
         0          0          0          0          0          0   entry10a.o
         0          0          0          0          0          0   entry11a.o
         8          4          0          0          0          0   entry2.o
         4          0          0          0          0          0   entry5.o
         0          0          0          0          0          0   entry7b.o
         0          0          0          0          0          0   entry8b.o
         8          4          0          0          0          0   entry9a.o
        20         10          0          4          0        136   errno.o
        30          0          0          0          0          0   handlers.o
        36          8          0          0          0         68   init.o
         0          0          0          0          0          0   iusefp.o
        30          0          0          0          0         68   llshl.o
        36          0          0          0          0         68   llsshr.o
        32          0          0          0          0         68   llushr.o
        36          0          0          0          0        108   memseta.o
      2308         96          0          0          0        604   printfa.o
        20          0          0          0          0         68   strchr.o
        28          0          0          0          0         76   strcmp.o
        18          0          0          0          0         68   strcpy.o
        36          0          0          0          0         80   strstr.o
        68          6          0          4          0         80   strtok.o
       112          0          0          0          0         88   strtol.o
        44          0          0          0          0         80   uidiv.o
        98          0          0          0          0         92   uldiv.o
        48          0          0          0          0         68   cdrcmple.o
        20          0          0          0          0         68   cfcmple.o
        56          0          0          0          0         88   d2f.o
       334          0          0          0          0        148   dadd.o
       222          0          0          0          0        100   ddiv.o
       186          0          0          0          0        176   depilogue.o
        48          0          0          0          0         68   dfixul.o
        34          0          0          0          0         76   dflti.o
       228          0          0          0          0         96   dmul.o
        46          0          0          0          0         80   dscalb.o
       162          0          0          0          0        100   dsqrt.o
        38          0          0          0          0         68   f2d.o
       176          0          0          0          0        140   fadd.o
       124          0          0          0          0         88   fdiv.o
       110          0          0          0          0        168   fepilogue.o
        10          0          0          0          0         68   ffltui.o
       100          0          0          0          0         76   fmul.o

    ----------------------------------------------------------------------
      8096        332        280          8          0       4648   Library Totals
         8          0          3          0          0          0   (incl. Padding)

    ----------------------------------------------------------------------

      Code (inc. data)   RO Data    RW Data    ZI Data      Debug   Library Name

      2868        200        144          0          0        912   m_ws.l
      3278        132        133          8          0       2060   mc_w.l
      1942          0          0          0          0       1676   mf_w.l

    ----------------------------------------------------------------------
      8096        332        280          8          0       4648   Library Totals

    ----------------------------------------------------------------------

==============================================================================


      Code (inc. data)   RO Data    RW Data    ZI Data      Debug   

     42672       4154       3388       2904      61216     563366   Grand Totals
     42672       4154       3388       1184      61216     563366   ELF Image Totals (compressed)
     42672       4154       3388       1184          0          0   ROM Totals

==============================================================================

    Total RO  Size (Code + RO Data)                46060 (  44.98kB)
    Total RW  Size (RW Data + ZI Data)             64120 (  62.62kB)
    Total ROM Size (Code + RO Data + RW Data)      47244 (  46.14kB)

==============================================================================

