<html>
<body>
<pre>
<h1>µVision Build Log</h1>
<h2>Tool Versions:</h2>
IDE-Version: ¦ÌVision V5.26.2.0
Copyright (C) 2018 ARM Ltd and ARM Germany GmbH. All rights reserved.
License Information:  ,  , LIC=BL2UH-WWDVJ-JMJ98-35DZ7-9FM8H-06I8Y
 
Tool Versions:
Toolchain:       MDK-ARM Professional  Version: 5.26.2.0
Toolchain Path:  D:\keil5\ARM\ARMCC\Bin
C Compiler:      Armcc.exe V5.06 update 6 (build 750)
Assembler:       Armasm.exe V5.06 update 6 (build 750)
Linker/Locator:  ArmLink.exe V5.06 update 6 (build 750)
Library Manager: ArmAr.exe V5.06 update 6 (build 750)
Hex Converter:   FromElf.exe V5.06 update 6 (build 750)
CPU DLL:         SARMCM3.DLL V5.26.2.0
Dialog DLL:      DCM.DLL V1.17.2.0
Target DLL:      STLink\ST-LINKIII-KEIL_SWO.dll V3.0.5.0
Dialog DLL:      TCM.DLL V1.36.1.0
 
<h2>Project:</h2>
C:\Users\91410\Desktop\keil5\UCOSIII\ÖÇÄÜ°²·À\USER\test.uvprojx
Project File Date:  11/26/2024

<h2>Output:</h2>
*** Using Compiler 'V5.06 update 6 (build 750)', folder: 'D:\keil5\ARM\ARMCC\Bin'
Rebuild target 'f103'
assembling startup_stm32f10x_hd.s...
compiling stm32f10x_it.c...
compiling stm32f10x_gpio.c...
compiling misc.c...
compiling stm32f10x_usart.c...
compiling stm32f10x_adc.c...
compiling stm32f10x_rcc.c...
compiling main.c...
compiling stm32f10x_iwdg.c...
compiling stm32f10x_wwdg.c...
compiling stm32f10x_exti.c...
compiling stm32f10x_rtc.c...
compiling stm32f10x_pwr.c...
compiling stm32f10x_tim.c...
compiling stm32f10x_flash.c...
compiling beep.c...
compiling stm32f10x_dma.c...
compiling stm32f10x_spi.c...
compiling led.c...
compiling dht11.c...
compiling tim.c...
compiling iwdg.c...
compiling adc.c...
compiling wwdg.c...
compiling oled.c...
compiling menu.c...
compiling key.c...
compiling rfid.c...
compiling gy-30.c...
compiling MQ-2.c...
compiling hc-sro4.c...
compiling esp8266.c...
compiling rtc.c...
compiling sg90.c...
compiling system_stm32f10x.c...
compiling cpu_core.c...
assembling cpu_a.asm...
compiling delay.c...
compiling lib_ascii.c...
compiling cpu_c.c...
compiling lib_math.c...
assembling lib_mem_a.asm...
assembling os_cpu_a.s...
compiling bsp.c...
compiling lib_str.c...
compiling sys.c...
compiling lib_mem.c...
compiling usart.c...
compiling os_cfg_app.c...
compiling os_dbg.c...
compiling os_int.c...
compiling os_core.c...
compiling os_mem.c...
compiling os_msg.c...
compiling os_flag.c...
compiling os_mutex.c...
compiling os_pend_multi.c...
compiling os_prio.c...
compiling os_q.c...
compiling os_cpu_c.c...
compiling os_sem.c...
compiling os_stat.c...
compiling os_var.c...
compiling os_time.c...
compiling os_app_hooks.c...
compiling os_tick.c...
compiling os_tmr.c...
compiling os_task.c...
linking...
Program Size: Code=42672 RO-data=3388 RW-data=2904 ZI-data=61216  
FromELF: creating hex file...
"..\OBJ\test.axf" - 0 Error(s), 0 Warning(s).

<h2>Software Packages used:</h2>

Package Vendor: Keil
                https://www.keil.com/pack/Keil.STM32F1xx_DFP.2.4.1.pack
                Keil.STM32F1xx_DFP.2.4.1
                STMicroelectronics STM32F1 Series Device Support, Drivers and Examples

<h2>Collection of Component include folders:</h2>
  .\RTE\_f103
  D:\keil5\ARM\PACK\Keil\STM32F1xx_DFP\2.4.1\Device\Include

<h2>Collection of Component Files used:</h2>
Build Time Elapsed:  00:00:04
</pre>
</body>
</html>
